Archive member included to satisfy reference by file (symbol)

../Core/Lib\libarm_cortexM4lf_math.a(arm_rfft_fast_init_f32.o)
                              ./Core/Src/main.o (arm_rfft_fast_init_f32)
../Core/Lib\libarm_cortexM4lf_math.a(arm_rfft_fast_f32.o)
                              ./Core/Src/main.o (arm_rfft_fast_f32)
../Core/Lib\libarm_cortexM4lf_math.a(arm_cfft_f32.o)
                              ../Core/Lib\libarm_cortexM4lf_math.a(arm_rfft_fast_f32.o) (arm_cfft_f32)
../Core/Lib\libarm_cortexM4lf_math.a(arm_common_tables.o)
                              ../Core/Lib\libarm_cortexM4lf_math.a(arm_rfft_fast_init_f32.o) (twiddleCoef_rfft_4096)
../Core/Lib\libarm_cortexM4lf_math.a(arm_bitreversal2.o)
                              ../Core/Lib\libarm_cortexM4lf_math.a(arm_cfft_f32.o) (arm_bitreversal_32)
../Core/Lib\libarm_cortexM4lf_math.a(arm_cfft_radix8_f32.o)
                              ../Core/Lib\libarm_cortexM4lf_math.a(arm_cfft_f32.o) (arm_radix8_butterfly_f32)
c:/st/stm32cubeide_1.7.0/stm32cubeide/plugins/com.st.stm32cube.ide.mcu.externaltools.gnu-tools-for-stm32.9-2020-q2-update.win32_2.0.0.202105311346/tools/bin/../lib/gcc/arm-none-eabi/9.3.1/../../../../arm-none-eabi/lib/thumb/v7e-m+fp/hard\libc_nano.a(lib_a-errno.o)
                              ./Core/Src/syscalls.o (__errno)
c:/st/stm32cubeide_1.7.0/stm32cubeide/plugins/com.st.stm32cube.ide.mcu.externaltools.gnu-tools-for-stm32.9-2020-q2-update.win32_2.0.0.202105311346/tools/bin/../lib/gcc/arm-none-eabi/9.3.1/../../../../arm-none-eabi/lib/thumb/v7e-m+fp/hard\libc_nano.a(lib_a-exit.o)
                              c:/st/stm32cubeide_1.7.0/stm32cubeide/plugins/com.st.stm32cube.ide.mcu.externaltools.gnu-tools-for-stm32.9-2020-q2-update.win32_2.0.0.202105311346/tools/bin/../lib/gcc/arm-none-eabi/9.3.1/../../../../arm-none-eabi/lib/thumb/v7e-m+fp/hard/crt0.o (exit)
c:/st/stm32cubeide_1.7.0/stm32cubeide/plugins/com.st.stm32cube.ide.mcu.externaltools.gnu-tools-for-stm32.9-2020-q2-update.win32_2.0.0.202105311346/tools/bin/../lib/gcc/arm-none-eabi/9.3.1/../../../../arm-none-eabi/lib/thumb/v7e-m+fp/hard\libc_nano.a(lib_a-impure.o)
                              c:/st/stm32cubeide_1.7.0/stm32cubeide/plugins/com.st.stm32cube.ide.mcu.externaltools.gnu-tools-for-stm32.9-2020-q2-update.win32_2.0.0.202105311346/tools/bin/../lib/gcc/arm-none-eabi/9.3.1/../../../../arm-none-eabi/lib/thumb/v7e-m+fp/hard\libc_nano.a(lib_a-exit.o) (_global_impure_ptr)
c:/st/stm32cubeide_1.7.0/stm32cubeide/plugins/com.st.stm32cube.ide.mcu.externaltools.gnu-tools-for-stm32.9-2020-q2-update.win32_2.0.0.202105311346/tools/bin/../lib/gcc/arm-none-eabi/9.3.1/../../../../arm-none-eabi/lib/thumb/v7e-m+fp/hard\libc_nano.a(lib_a-init.o)
                              c:/st/stm32cubeide_1.7.0/stm32cubeide/plugins/com.st.stm32cube.ide.mcu.externaltools.gnu-tools-for-stm32.9-2020-q2-update.win32_2.0.0.202105311346/tools/bin/../lib/gcc/arm-none-eabi/9.3.1/../../../../arm-none-eabi/lib/thumb/v7e-m+fp/hard/crt0.o (__libc_init_array)
c:/st/stm32cubeide_1.7.0/stm32cubeide/plugins/com.st.stm32cube.ide.mcu.externaltools.gnu-tools-for-stm32.9-2020-q2-update.win32_2.0.0.202105311346/tools/bin/../lib/gcc/arm-none-eabi/9.3.1/../../../../arm-none-eabi/lib/thumb/v7e-m+fp/hard\libc_nano.a(lib_a-memset.o)
                              c:/st/stm32cubeide_1.7.0/stm32cubeide/plugins/com.st.stm32cube.ide.mcu.externaltools.gnu-tools-for-stm32.9-2020-q2-update.win32_2.0.0.202105311346/tools/bin/../lib/gcc/arm-none-eabi/9.3.1/../../../../arm-none-eabi/lib/thumb/v7e-m+fp/hard/crt0.o (memset)
c:/st/stm32cubeide_1.7.0/stm32cubeide/plugins/com.st.stm32cube.ide.mcu.externaltools.gnu-tools-for-stm32.9-2020-q2-update.win32_2.0.0.202105311346/tools/bin/../lib/gcc/arm-none-eabi/9.3.1/../../../../arm-none-eabi/lib/thumb/v7e-m+fp/hard\libc_nano.a(lib_a-rand.o)
                              ./Core/Src/main.o (rand)
c:/st/stm32cubeide_1.7.0/stm32cubeide/plugins/com.st.stm32cube.ide.mcu.externaltools.gnu-tools-for-stm32.9-2020-q2-update.win32_2.0.0.202105311346/tools/bin/../lib/gcc/arm-none-eabi/9.3.1/../../../../arm-none-eabi/lib/thumb/v7e-m+fp/hard\libc_nano.a(lib_a-sprintf.o)
                              ./Core/Src/main.o (sprintf)
c:/st/stm32cubeide_1.7.0/stm32cubeide/plugins/com.st.stm32cube.ide.mcu.externaltools.gnu-tools-for-stm32.9-2020-q2-update.win32_2.0.0.202105311346/tools/bin/../lib/gcc/arm-none-eabi/9.3.1/../../../../arm-none-eabi/lib/thumb/v7e-m+fp/hard\libc_nano.a(lib_a-assert.o)
                              c:/st/stm32cubeide_1.7.0/stm32cubeide/plugins/com.st.stm32cube.ide.mcu.externaltools.gnu-tools-for-stm32.9-2020-q2-update.win32_2.0.0.202105311346/tools/bin/../lib/gcc/arm-none-eabi/9.3.1/../../../../arm-none-eabi/lib/thumb/v7e-m+fp/hard\libc_nano.a(lib_a-rand.o) (__assert_func)
[...]
Memory Configuration

Name             Origin             Length             Attributes
RAM              0x0000000020000000 0x0000000000020000 xrw
FLASH            0x0000000008000000 0x0000000000080000 xr
*default*        0x0000000000000000 0xffffffffffffffff

Linker script and memory map

LOAD c:/st/stm32cubeide_1.7.0/stm32cubeide/plugins/com.st.stm32cube.ide.mcu.externaltools.gnu-tools-for-stm32.9-2020-q2-update.win32_2.0.0.202105311346/tools/bin/../lib/gcc/arm-none-eabi/9.3.1/thumb/v7e-m+fp/hard/crti.o
LOAD c:/st/stm32cubeide_1.7.0/stm32cubeide/plugins/com.st.stm32cube.ide.mcu.externaltools.gnu-tools-for-stm32.9-2020-q2-update.win32_2.0.0.202105311346/tools/bin/../lib/gcc/arm-none-eabi/9.3.1/thumb/v7e-m+fp/hard/crtbegin.o
LOAD c:/st/stm32cubeide_1.7.0/stm32cubeide/plugins/com.st.stm32cube.ide.mcu.externaltools.gnu-tools-for-stm32.9-2020-q2-update.win32_2.0.0.202105311346/tools/bin/../lib/gcc/arm-none-eabi/9.3.1/../../../../arm-none-eabi/lib/thumb/v7e-m+fp/hard/crt0.o
LOAD ./Core/Src/GFX_Color.o
LOAD ./Core/Src/GFX_Lepsze.o
LOAD ./Core/Src/Lepsze.o
LOAD ./Core/Src/MFRC522.o
LOAD ./Core/Src/adc.o
LOAD ./Core/Src/dma.o
LOAD ./Core/Src/gpio.o
LOAD ./Core/Src/keypad.o
LOAD ./Core/Src/main.o
LOAD ./Core/Src/spi.o
LOAD ./Core/Src/ssd1331.o
LOAD ./Core/Src/stm32f4xx_hal_msp.o
LOAD ./Core/Src/stm32f4xx_it.o
LOAD ./Core/Src/syscalls.o
LOAD ./Core/Src/sysmem.o
LOAD ./Core/Src/system_stm32f4xx.o
LOAD ./Core/Src/tim.o
LOAD ./Core/Src/ws2812b.o
LOAD ./Core/Startup/startup_stm32f411vetx.o
LOAD ./Drivers/STM32F4xx_HAL_Driver/Src/stm32f4xx_hal.o
LOAD ./Drivers/STM32F4xx_HAL_Driver/Src/stm32f4xx_hal_adc.o
LOAD ./Drivers/STM32F4xx_HAL_Driver/Src/stm32f4xx_hal_adc_ex.o
LOAD ./Drivers/STM32F4xx_HAL_Driver/Src/stm32f4xx_hal_cortex.o
LOAD ./Drivers/STM32F4xx_HAL_Driver/Src/stm32f4xx_hal_dma.o
LOAD ./Drivers/STM32F4xx_HAL_Driver/Src/stm32f4xx_hal_dma_ex.o
LOAD ./Drivers/STM32F4xx_HAL_Driver/Src/stm32f4xx_hal_exti.o
LOAD ./Drivers/STM32F4xx_HAL_Driver/Src/stm32f4xx_hal_flash.o
LOAD ./Drivers/STM32F4xx_HAL_Driver/Src/stm32f4xx_hal_flash_ex.o
LOAD ./Drivers/STM32F4xx_HAL_Driver/Src/stm32f4xx_hal_flash_ramfunc.o
LOAD ./Drivers/STM32F4xx_HAL_Driver/Src/stm32f4xx_hal_gpio.o
LOAD ./Drivers/STM32F4xx_HAL_Driver/Src/stm32f4xx_hal_pwr.o
LOAD ./Drivers/STM32F4xx_HAL_Driver/Src/stm32f4xx_hal_pwr_ex.o
LOAD ./Drivers/STM32F4xx_HAL_Driver/Src/stm32f4xx_hal_rcc.o
LOAD ./Drivers/STM32F4xx_HAL_Driver/Src/stm32f4xx_hal_rcc_ex.o
LOAD ./Drivers/STM32F4xx_HAL_Driver/Src/stm32f4xx_hal_spi.o
LOAD ./Drivers/STM32F4xx_HAL_Driver/Src/stm32f4xx_hal_tim.o
LOAD ./Drivers/STM32F4xx_HAL_Driver/Src/stm32f4xx_hal_tim_ex.o
LOAD ./Drivers/STM32F4xx_HAL_Driver/Src/stm32f4xx_ll_adc.o
LOAD ../Core/Lib\libarm_cortexM4lf_math.a
START GROUP
LOAD c:/st/stm32cubeide_1.7.0/stm32cubeide/plugins/com.st.stm32cube.ide.mcu.externaltools.gnu-tools-for-stm32.9-2020-q2-update.win32_2.0.0.202105311346/tools/bin/../lib/gcc/arm-none-eabi/9.3.1/../../../../arm-none-eabi/lib/thumb/v7e-m+fp/hard\libc_nano.a
LOAD c:/st/stm32cubeide_1.7.0/stm32cubeide/plugins/com.st.stm32cube.ide.mcu.externaltools.gnu-tools-for-stm32.9-2020-q2-update.win32_2.0.0.202105311346/tools/bin/../lib/gcc/arm-none-eabi/9.3.1/../../../../arm-none-eabi/lib/thumb/v7e-m+fp/hard\libm.a
END GROUP
START GROUP
LOAD c:/st/stm32cubeide_1.7.0/stm32cubeide/plugins/com.st.stm32cube.ide.mcu.externaltools.gnu-tools-for-stm32.9-2020-q2-update.win32_2.0.0.202105311346/tools/bin/../lib/gcc/arm-none-eabi/9.3.1/thumb/v7e-m+fp/hard\libgcc.a
LOAD c:/st/stm32cubeide_1.7.0/stm32cubeide/plugins/com.st.stm32cube.ide.mcu.externaltools.gnu-tools-for-stm32.9-2020-q2-update.win32_2.0.0.202105311346/tools/bin/../lib/gcc/arm-none-eabi/9.3.1/../../../../arm-none-eabi/lib/thumb/v7e-m+fp/hard\libc_nano.a
END GROUP
START GROUP
LOAD c:/st/stm32cubeide_1.7.0/stm32cubeide/plugins/com.st.stm32cube.ide.mcu.externaltools.gnu-tools-for-stm32.9-2020-q2-update.win32_2.0.0.202105311346/tools/bin/../lib/gcc/arm-none-eabi/9.3.1/thumb/v7e-m+fp/hard\libgcc.a
LOAD c:/st/stm32cubeide_1.7.0/stm32cubeide/plugins/com.st.stm32cube.ide.mcu.externaltools.gnu-tools-for-stm32.9-2020-q2-update.win32_2.0.0.202105311346/tools/bin/../lib/gcc/arm-none-eabi/9.3.1/../../../../arm-none-eabi/lib/thumb/v7e-m+fp/hard\libc_nano.a
LOAD c:/st/stm32cubeide_1.7.0/stm32cubeide/plugins/com.st.stm32cube.ide.mcu.externaltools.gnu-tools-for-stm32.9-2020-q2-update.win32_2.0.0.202105311346/tools/bin/../lib/gcc/arm-none-eabi/9.3.1/../../../../arm-none-eabi/lib/thumb/v7e-m+fp/hard\libnosys.a
END GROUP
START GROUP
LOAD c:/st/stm32cubeide_1.7.0/stm32cubeide/plugins/com.st.stm32cube.ide.mcu.externaltools.gnu-tools-for-stm32.9-2020-q2-update.win32_2.0.0.202105311346/tools/bin/../lib/gcc/arm-none-eabi/9.3.1/thumb/v7e-m+fp/hard\libgcc.a
LOAD c:/st/stm32cubeide_1.7.0/stm32cubeide/plugins/com.st.stm32cube.ide.mcu.externaltools.gnu-tools-for-stm32.9-2020-q2-update.win32_2.0.0.202105311346/tools/bin/../lib/gcc/arm-none-eabi/9.3.1/../../../../arm-none-eabi/lib/thumb/v7e-m+fp/hard\libc_nano.a
LOAD c:/st/stm32cubeide_1.7.0/stm32cubeide/plugins/com.st.stm32cube.ide.mcu.externaltools.gnu-tools-for-stm32.9-2020-q2-update.win32_2.0.0.202105311346/tools/bin/../lib/gcc/arm-none-eabi/9.3.1/../../../../arm-none-eabi/lib/thumb/v7e-m+fp/hard\libnosys.a
END GROUP
LOAD c:/st/stm32cubeide_1.7.0/stm32cubeide/plugins/com.st.stm32cube.ide.mcu.externaltools.gnu-tools-for-stm32.9-2020-q2-update.win32_2.0.0.202105311346/tools/bin/../lib/gcc/arm-none-eabi/9.3.1/thumb/v7e-m+fp/hard/crtend.o
LOAD c:/st/stm32cubeide_1.7.0/stm32cubeide/plugins/com.st.stm32cube.ide.mcu.externaltools.gnu-tools-for-stm32.9-2020-q2-update.win32_2.0.0.202105311346/tools/bin/../lib/gcc/arm-none-eabi/9.3.1/thumb/v7e-m+fp/hard/crtn.o
                0x0000000020020000                _estack = (ORIGIN (RAM) + LENGTH (RAM))
                0x0000000000001000                _Min_Heap_Size = 0x1000
                0x0000000000001000                _Min_Stack_Size = 0x1000

.isr_vector     0x0000000008000000      0x198
                0x0000000008000000                . = ALIGN (0x4)
 *(.isr_vector)
 .isr_vector    0x0000000008000000      0x198 ./Core/Startup/startup_stm32f411vetx.o
                0x0000000008000000                g_pfnVectors
                0x0000000008000198                . = ALIGN (0x4)

.text           0x00000000080001a0     0xa66c
                0x00000000080001a0                . = ALIGN (0x4)
 *(.text)
 .text          0x00000000080001a0       0x40 c:/st/stm32cubeide_1.7.0/stm32cubeide/plugins/com.st.stm32cube.ide.mcu.externaltools.gnu-tools-for-stm32.9-2020-q2-update.win32_2.0.0.202105311346/tools/bin/../lib/gcc/arm-none-eabi/9.3.1/thumb/v7e-m+fp/hard/crtbegin.o
 .text          0x00000000080001e0       0xc0 ../Core/Lib\libarm_cortexM4lf_math.a(arm_bitreversal2.o)
                0x00000000080001e0                arm_bitreversal_32
                0x000000000800024a                arm_bitreversal_16
 .text          0x00000000080002a0       0xa0 c:/st/stm32cubeide_1.7.0/stm32cubeide/plugins/com.st.stm32cube.ide.mcu.externaltools.gnu-tools-for-stm32.9-2020-q2-update.win32_2.0.0.202105311346/tools/bin/../lib/gcc/arm-none-eabi/9.3.1/../../../../arm-none-eabi/lib/thumb/v7e-m+fp/hard\libc_nano.a(lib_a-memchr.o)
                0x00000000080002a0                memchr
 .text          0x0000000008000340       0x30 c:/st/stm32cubeide_1.7.0/stm32cubeide/plugins/com.st.stm32cube.ide.mcu.externaltools.gnu-tools-for-stm32.9-2020-q2-update.win32_2.0.0.202105311346/tools/bin/../lib/gcc/arm-none-eabi/9.3.1/thumb/v7e-m+fp/hard\libgcc.a(_aeabi_uldivmod.o)
                0x0000000008000340                __aeabi_uldivmod
 .text          0x0000000008000370      0x2c4 c:/st/stm32cubeide_1.7.0/stm32cubeide/plugins/com.st.stm32cube.ide.mcu.externaltools.gnu-tools-for-stm32.9-2020-q2-update.win32_2.0.0.202105311346/tools/bin/../lib/gcc/arm-none-eabi/9.3.1/thumb/v7e-m+fp/hard\libgcc.a(_udivmoddi4.o)
                0x0000000008000370                __udivmoddi4
 .text          0x0000000008000634        0x4 c:/st/stm32cubeide_1.7.0/stm32cubeide/plugins/com.st.stm32cube.ide.mcu.externaltools.gnu-tools-for-stm32.9-2020-q2-update.win32_2.0.0.202105311346/tools/bin/../lib/gcc/arm-none-eabi/9.3.1/thumb/v7e-m+fp/hard\libgcc.a(_dvmd_tls.o)
                0x0000000008000634                __aeabi_idiv0
                0x0000000008000634                __aeabi_ldiv0
 *(.text*)
 .text.GFX_SetFont
                0x0000000008000638       0x20 ./Core/Src/GFX_Color.o
                0x0000000008000638                GFX_SetFont
 .text.GFX_DrawChar
                0x0000000008000658       0xf4 ./Core/Src/GFX_Color.o
                0x0000000008000658                GFX_DrawChar
 .text.GFX_DrawString
                0x000000000800074c       0x64 ./Core/Src/GFX_Color.o
                0x000000000800074c                GFX_DrawString
 .text.GFX_WriteLine
                0x00000000080007b0      0x11a ./Core/Src/GFX_Color.o
                0x00000000080007b0                GFX_WriteLine
 .text.GFX_DrawFastVLine
                0x00000000080008ca       0x2e ./Core/Src/GFX_Color.o
                0x00000000080008ca                GFX_DrawFastVLine
 .text.GFX_DrawFillRectangle
                0x00000000080008f8       0x44 ./Core/Src/GFX_Color.o
                0x00000000080008f8                GFX_DrawFillRectangle
 .text.EF_SetFont
                0x000000000800093c       0x20 ./Core/Src/GFX_Lepsze.o
                0x000000000800093c                EF_SetFont
 .text.EF_GetFontHeight
                0x000000000800095c       0x18 ./Core/Src/GFX_Lepsze.o
                0x000000000800095c                EF_GetFontHeight
 .text.EF_GetFontStartChar
                0x0000000008000974       0x18 ./Core/Src/GFX_Lepsze.o
                0x0000000008000974                EF_GetFontStartChar
 .text.EF_GetFontEndChar
                0x000000000800098c       0x18 ./Core/Src/GFX_Lepsze.o
                0x000000000800098c                EF_GetFontEndChar
 .text.EF_GetFontSpaceWidth
                0x00000000080009a4       0x18 ./Core/Src/GFX_Lepsze.o
                0x00000000080009a4                EF_GetFontSpaceWidth
 .text.EF_DecodePolish
                0x00000000080009bc      0x1f8 ./Core/Src/GFX_Lepsze.o
                0x00000000080009bc                EF_DecodePolish
 .text.EF_PutChar
                0x0000000008000bb4      0x170 ./Core/Src/GFX_Lepsze.o
                0x0000000008000bb4                EF_PutChar
 .text.EF_PutString
                0x0000000008000d24      0x10a ./Core/Src/GFX_Lepsze.o
                0x0000000008000d24                EF_PutString
 *fill*         0x0000000008000e2e        0x2 
 .text.Write_MFRC522
                0x0000000008000e30       0x60 ./Core/Src/MFRC522.o
                0x0000000008000e30                Write_MFRC522
 .text.Read_MFRC522
                0x0000000008000e90       0x68 ./Core/Src/MFRC522.o
                0x0000000008000e90                Read_MFRC522
 .text.SetBitMask
                0x0000000008000ef8       0x36 ./Core/Src/MFRC522.o
                0x0000000008000ef8                SetBitMask
 .text.ClearBitMask
                0x0000000008000f2e       0x40 ./Core/Src/MFRC522.o
                0x0000000008000f2e                ClearBitMask
 .text.AntennaOn
                0x0000000008000f6e       0x10 ./Core/Src/MFRC522.o
                0x0000000008000f6e                AntennaOn
 .text.MFRC522_Reset
                0x0000000008000f7e       0x10 ./Core/Src/MFRC522.o
                0x0000000008000f7e                MFRC522_Reset
 .text.MFRC522_Init
                0x0000000008000f8e       0x40 ./Core/Src/MFRC522.o
                0x0000000008000f8e                MFRC522_Init
 .text.MFRC522_Request
                0x0000000008000fce       0x4a ./Core/Src/MFRC522.o
                0x0000000008000fce                MFRC522_Request
 .text.MFRC522_ToCard
                0x0000000008001018      0x192 ./Core/Src/MFRC522.o
                0x0000000008001018                MFRC522_ToCard
 .text.MFRC522_Anticoll
                0x00000000080011aa       0x7a ./Core/Src/MFRC522.o
                0x00000000080011aa                MFRC522_Anticoll
 .text.MX_ADC1_Init
                0x0000000008001224       0xa4 ./Core/Src/adc.o
                0x0000000008001224                MX_ADC1_Init
 .text.HAL_ADC_MspInit
                0x00000000080012c8       0xfc ./Core/Src/adc.o
                0x00000000080012c8                HAL_ADC_MspInit
 .text.MX_DMA_Init
                0x00000000080013c4       0x7c ./Core/Src/dma.o
                0x00000000080013c4                MX_DMA_Init
 .text.MX_GPIO_Init
                0x0000000008001440      0x1d8 ./Core/Src/gpio.o
                0x0000000008001440                MX_GPIO_Init
 .text.keypad_init
                0x0000000008001618       0xe0 ./Core/Src/keypad.o
                0x0000000008001618                keypad_init
 .text.keypad_getKey
                0x00000000080016f8       0x22 ./Core/Src/keypad.o
                0x00000000080016f8                keypad_getKey
 .text.debounce_task
                0x000000000800171a      0x156 ./Core/Src/keypad.o
                0x000000000800171a                debounce_task
 .text.idle_task
                0x0000000008001870      0x10e ./Core/Src/keypad.o
                0x0000000008001870                idle_task
 .text.keypad_task
                0x000000000800197e       0x30 ./Core/Src/keypad.o
                0x000000000800197e                keypad_task
 *fill*         0x00000000080019ae        0x2 
 .text.main     0x00000000080019b0      0x234 ./Core/Src/main.o
                0x00000000080019b0                main
 .text.SystemClock_Config
                0x0000000008001be4       0xd0 ./Core/Src/main.o
                0x0000000008001be4                SystemClock_Config
 .text.MX_NVIC_Init
                0x0000000008001cb4       0x48 ./Core/Src/main.o
 .text.check_password
                0x0000000008001cfc       0x56 ./Core/Src/main.o
                0x0000000008001cfc                check_password
 *fill*         0x0000000008001d52        0x2 
 .text.lock_idle_task
                0x0000000008001d54      0x310 ./Core/Src/main.o
                0x0000000008001d54                lock_idle_task
 .text.lock_error_task
                0x0000000008002064      0x1bc ./Core/Src/main.o
                0x0000000008002064                lock_error_task
 .text.lock_keypad_ok_task
                0x0000000008002220      0x314 ./Core/Src/main.o
                0x0000000008002220                lock_keypad_ok_task
 .text.lock_ok_task
                0x0000000008002534      0x13c ./Core/Src/main.o
                0x0000000008002534                lock_ok_task
 .text.HAL_ADC_ConvCpltCallback
                0x0000000008002670       0x30 ./Core/Src/main.o
                0x0000000008002670                HAL_ADC_ConvCpltCallback
 .text.complexABS
                0x00000000080026a0       0x38 ./Core/Src/main.o
                0x00000000080026a0                complexABS
 .text.CalculateFFT
                0x00000000080026d8      0x118 ./Core/Src/main.o
                0x00000000080026d8                CalculateFFT
 .text.Error_Handler
                0x00000000080027f0        0xa ./Core/Src/main.o
                0x00000000080027f0                Error_Handler
 *fill*         0x00000000080027fa        0x2 
 .text.MX_SPI1_Init
                0x00000000080027fc       0x6c ./Core/Src/spi.o
                0x00000000080027fc                MX_SPI1_Init
 .text.MX_SPI2_Init
                0x0000000008002868       0x6c ./Core/Src/spi.o
                0x0000000008002868                MX_SPI2_Init
 .text.MX_SPI5_Init
                0x00000000080028d4       0x6c ./Core/Src/spi.o
                0x00000000080028d4                MX_SPI5_Init
 .text.HAL_SPI_MspInit
                0x0000000008002940      0x1d0 ./Core/Src/spi.o
                0x0000000008002940                HAL_SPI_MspInit
 .text.buffer_to_template
                0x0000000008002b10       0x44 ./Core/Src/ssd1331.o
                0x0000000008002b10                buffer_to_template
 .text.temlate_to_buffer
                0x0000000008002b54       0x44 ./Core/Src/ssd1331.o
                0x0000000008002b54                temlate_to_buffer
 .text.ssd1331_command
                0x0000000008002b98       0x40 ./Core/Src/ssd1331.o
                0x0000000008002b98                ssd1331_command
 .text.setPixel
                0x0000000008002bd8       0x6c ./Core/Src/ssd1331.o
                0x0000000008002bd8                setPixel
 .text.ssd1331_clear
                0x0000000008002c44       0x18 ./Core/Src/ssd1331.o
                0x0000000008002c44                ssd1331_clear
 .text.invert   0x0000000008002c5c       0x44 ./Core/Src/ssd1331.o
                0x0000000008002c5c                invert
 .text.ssd1331_display
                0x0000000008002ca0       0xc4 ./Core/Src/ssd1331.o
                0x0000000008002ca0                ssd1331_display
 .text.ssd1331_init
                0x0000000008002d64      0x14c ./Core/Src/ssd1331.o
                0x0000000008002d64                ssd1331_init
 .text.HAL_MspInit
                0x0000000008002eb0       0x50 ./Core/Src/stm32f4xx_hal_msp.o
                0x0000000008002eb0                HAL_MspInit
 .text.NMI_Handler
                0x0000000008002f00        0x6 ./Core/Src/stm32f4xx_it.o
                0x0000000008002f00                NMI_Handler
 .text.HardFault_Handler
                0x0000000008002f06        0x6 ./Core/Src/stm32f4xx_it.o
                0x0000000008002f06                HardFault_Handler
 .text.MemManage_Handler
                0x0000000008002f0c        0x6 ./Core/Src/stm32f4xx_it.o
                0x0000000008002f0c                MemManage_Handler
 .text.BusFault_Handler
                0x0000000008002f12        0x6 ./Core/Src/stm32f4xx_it.o
                0x0000000008002f12                BusFault_Handler
 .text.UsageFault_Handler
                0x0000000008002f18        0x6 ./Core/Src/stm32f4xx_it.o
                0x0000000008002f18                UsageFault_Handler
 .text.SVC_Handler
                0x0000000008002f1e        0xe ./Core/Src/stm32f4xx_it.o
                0x0000000008002f1e                SVC_Handler
 .text.DebugMon_Handler
                0x0000000008002f2c        0xe ./Core/Src/stm32f4xx_it.o
                0x0000000008002f2c                DebugMon_Handler
 .text.PendSV_Handler
                0x0000000008002f3a        0xe ./Core/Src/stm32f4xx_it.o
                0x0000000008002f3a                PendSV_Handler
 .text.SysTick_Handler
                0x0000000008002f48        0xc ./Core/Src/stm32f4xx_it.o
                0x0000000008002f48                SysTick_Handler
 .text.DMA1_Stream4_IRQHandler
                0x0000000008002f54       0x14 ./Core/Src/stm32f4xx_it.o
                0x0000000008002f54                DMA1_Stream4_IRQHandler
 .text.DMA1_Stream5_IRQHandler
                0x0000000008002f68       0x14 ./Core/Src/stm32f4xx_it.o
                0x0000000008002f68                DMA1_Stream5_IRQHandler
 .text.DMA1_Stream6_IRQHandler
                0x0000000008002f7c       0x14 ./Core/Src/stm32f4xx_it.o
                0x0000000008002f7c                DMA1_Stream6_IRQHandler
 .text.ADC_IRQHandler
                0x0000000008002f90       0x14 ./Core/Src/stm32f4xx_it.o
                0x0000000008002f90                ADC_IRQHandler
 .text.TIM2_IRQHandler
                0x0000000008002fa4       0x14 ./Core/Src/stm32f4xx_it.o
                0x0000000008002fa4                TIM2_IRQHandler
 .text.SPI2_IRQHandler
                0x0000000008002fb8       0x14 ./Core/Src/stm32f4xx_it.o
                0x0000000008002fb8                SPI2_IRQHandler
 .text.DMA2_Stream0_IRQHandler
                0x0000000008002fcc       0x14 ./Core/Src/stm32f4xx_it.o
                0x0000000008002fcc                DMA2_Stream0_IRQHandler
 .text.SPI5_IRQHandler
                0x0000000008002fe0       0x14 ./Core/Src/stm32f4xx_it.o
                0x0000000008002fe0                SPI5_IRQHandler
 .text._getpid  0x0000000008002ff4       0x10 ./Core/Src/syscalls.o
                0x0000000008002ff4                _getpid
 .text._kill    0x0000000008003004       0x20 ./Core/Src/syscalls.o
                0x0000000008003004                _kill
 .text._exit    0x0000000008003024       0x14 ./Core/Src/syscalls.o
                0x0000000008003024                _exit
 .text._read    0x0000000008003038       0x3a ./Core/Src/syscalls.o
                0x0000000008003038                _read
 .text._write   0x0000000008003072       0x38 ./Core/Src/syscalls.o
                0x0000000008003072                _write
 .text._close   0x00000000080030aa       0x18 ./Core/Src/syscalls.o
                0x00000000080030aa                _close
 .text._fstat   0x00000000080030c2       0x20 ./Core/Src/syscalls.o
                0x00000000080030c2                _fstat
 .text._isatty  0x00000000080030e2       0x16 ./Core/Src/syscalls.o
                0x00000000080030e2                _isatty
 .text._lseek   0x00000000080030f8       0x1a ./Core/Src/syscalls.o
                0x00000000080030f8                _lseek
 *fill*         0x0000000008003112        0x2 
 .text._sbrk    0x0000000008003114       0x6c ./Core/Src/sysmem.o
                0x0000000008003114                _sbrk
 .text.SystemInit
                0x0000000008003180       0x24 ./Core/Src/system_stm32f4xx.o
                0x0000000008003180                SystemInit
 .text.MX_TIM2_Init
                0x00000000080031a4      0x100 ./Core/Src/tim.o
                0x00000000080031a4                MX_TIM2_Init
 .text.MX_TIM3_Init
                0x00000000080032a4       0x98 ./Core/Src/tim.o
                0x00000000080032a4                MX_TIM3_Init
 .text.HAL_TIM_Base_MspInit
                0x000000000800333c      0x148 ./Core/Src/tim.o
                0x000000000800333c                HAL_TIM_Base_MspInit
 .text.HAL_TIM_MspPostInit
                0x0000000008003484       0x70 ./Core/Src/tim.o
                0x0000000008003484                HAL_TIM_MspPostInit
 .text.WS2812B_Init
                0x00000000080034f4       0x20 ./Core/Src/ws2812b.o
                0x00000000080034f4                WS2812B_Init
 .text.ws2812_clear
                0x0000000008003514       0x30 ./Core/Src/ws2812b.o
                0x0000000008003514                ws2812_clear
 .text.WS2812B_SetDiodeRGB
                0x0000000008003544       0x78 ./Core/Src/ws2812b.o
                0x0000000008003544                WS2812B_SetDiodeRGB
 .text.WS2812B_Refresh
                0x00000000080035bc       0x68 ./Core/Src/ws2812b.o
                0x00000000080035bc                WS2812B_Refresh
 .text.HAL_SPI_TxHalfCpltCallback
                0x0000000008003624      0x184 ./Core/Src/ws2812b.o
                0x0000000008003624                HAL_SPI_TxHalfCpltCallback
 .text.HAL_SPI_TxCpltCallback
                0x00000000080037a8      0x158 ./Core/Src/ws2812b.o
                0x00000000080037a8                HAL_SPI_TxCpltCallback
 .text.sine8    0x0000000008003900       0x20 ./Core/Src/ws2812b.o
                0x0000000008003900                sine8
 .text.gamma8   0x0000000008003920       0x20 ./Core/Src/ws2812b.o
                0x0000000008003920                gamma8
 .text.Reset_Handler
                0x0000000008003940       0x50 ./Core/Startup/startup_stm32f411vetx.o
                0x0000000008003940                Reset_Handler
 .text.Default_Handler
                0x0000000008003990        0x2 ./Core/Startup/startup_stm32f411vetx.o
                0x0000000008003990                RTC_Alarm_IRQHandler
                0x0000000008003990                EXTI2_IRQHandler
                0x0000000008003990                SPI4_IRQHandler
                0x0000000008003990                TIM1_CC_IRQHandler
                0x0000000008003990                DMA2_Stream5_IRQHandler
                0x0000000008003990                PVD_IRQHandler
                0x0000000008003990                SDIO_IRQHandler
                0x0000000008003990                TAMP_STAMP_IRQHandler
                0x0000000008003990                EXTI3_IRQHandler
                0x0000000008003990                TIM1_UP_TIM10_IRQHandler
                0x0000000008003990                I2C3_ER_IRQHandler
                0x0000000008003990                EXTI0_IRQHandler
                0x0000000008003990                I2C2_EV_IRQHandler
                0x0000000008003990                DMA1_Stream2_IRQHandler
                0x0000000008003990                FPU_IRQHandler
                0x0000000008003990                DMA2_Stream2_IRQHandler
                0x0000000008003990                SPI1_IRQHandler
                0x0000000008003990                TIM1_BRK_TIM9_IRQHandler
                0x0000000008003990                DMA2_Stream3_IRQHandler
                0x0000000008003990                USART6_IRQHandler
                0x0000000008003990                TIM4_IRQHandler
                0x0000000008003990                I2C1_EV_IRQHandler
                0x0000000008003990                DMA1_Stream1_IRQHandler
                0x0000000008003990                TIM3_IRQHandler
                0x0000000008003990                RCC_IRQHandler
                0x0000000008003990                Default_Handler
                0x0000000008003990                EXTI15_10_IRQHandler
                0x0000000008003990                DMA1_Stream7_IRQHandler
                0x0000000008003990                TIM5_IRQHandler
                0x0000000008003990                DMA2_Stream7_IRQHandler
                0x0000000008003990                I2C3_EV_IRQHandler
                0x0000000008003990                EXTI9_5_IRQHandler
                0x0000000008003990                RTC_WKUP_IRQHandler
                0x0000000008003990                DMA1_Stream0_IRQHandler
                0x0000000008003990                EXTI4_IRQHandler
                0x0000000008003990                WWDG_IRQHandler
                0x0000000008003990                OTG_FS_WKUP_IRQHandler
                0x0000000008003990                TIM1_TRG_COM_TIM11_IRQHandler
                0x0000000008003990                EXTI1_IRQHandler
                0x0000000008003990                USART2_IRQHandler
                0x0000000008003990                I2C2_ER_IRQHandler
                0x0000000008003990                DMA2_Stream1_IRQHandler
                0x0000000008003990                FLASH_IRQHandler
                0x0000000008003990                DMA2_Stream4_IRQHandler
                0x0000000008003990                USART1_IRQHandler
                0x0000000008003990                OTG_FS_IRQHandler
                0x0000000008003990                SPI3_IRQHandler
                0x0000000008003990                I2C1_ER_IRQHandler
                0x0000000008003990                DMA2_Stream6_IRQHandler
                0x0000000008003990                DMA1_Stream3_IRQHandler
 *fill*         0x0000000008003992        0x2 
 .text.HAL_Init
                0x0000000008003994       0x44 ./Drivers/STM32F4xx_HAL_Driver/Src/stm32f4xx_hal.o
                0x0000000008003994                HAL_Init
 .text.HAL_InitTick
                0x00000000080039d8       0x60 ./Drivers/STM32F4xx_HAL_Driver/Src/stm32f4xx_hal.o
                0x00000000080039d8                HAL_InitTick
 .text.HAL_IncTick
                0x0000000008003a38       0x28 ./Drivers/STM32F4xx_HAL_Driver/Src/stm32f4xx_hal.o
                0x0000000008003a38                HAL_IncTick
 .text.HAL_GetTick
                0x0000000008003a60       0x18 ./Drivers/STM32F4xx_HAL_Driver/Src/stm32f4xx_hal.o
                0x0000000008003a60                HAL_GetTick
 .text.HAL_Delay
                0x0000000008003a78       0x48 ./Drivers/STM32F4xx_HAL_Driver/Src/stm32f4xx_hal.o
                0x0000000008003a78                HAL_Delay
 .text.HAL_ADC_Init
                0x0000000008003ac0       0x86 ./Drivers/STM32F4xx_HAL_Driver/Src/stm32f4xx_hal_adc.o
                0x0000000008003ac0                HAL_ADC_Init
 .text.HAL_ADC_IRQHandler
                0x0000000008003b46      0x282 ./Drivers/STM32F4xx_HAL_Driver/Src/stm32f4xx_hal_adc.o
                0x0000000008003b46                HAL_ADC_IRQHandler
 .text.HAL_ADC_Start_DMA
                0x0000000008003dc8      0x1e0 ./Drivers/STM32F4xx_HAL_Driver/Src/stm32f4xx_hal_adc.o
                0x0000000008003dc8                HAL_ADC_Start_DMA
 .text.HAL_ADC_ConvHalfCpltCallback
                0x0000000008003fa8       0x14 ./Drivers/STM32F4xx_HAL_Driver/Src/stm32f4xx_hal_adc.o
                0x0000000008003fa8                HAL_ADC_ConvHalfCpltCallback
 .text.HAL_ADC_LevelOutOfWindowCallback
                0x0000000008003fbc       0x14 ./Drivers/STM32F4xx_HAL_Driver/Src/stm32f4xx_hal_adc.o
                0x0000000008003fbc                HAL_ADC_LevelOutOfWindowCallback
 .text.HAL_ADC_ErrorCallback
                0x0000000008003fd0       0x14 ./Drivers/STM32F4xx_HAL_Driver/Src/stm32f4xx_hal_adc.o
                0x0000000008003fd0                HAL_ADC_ErrorCallback
 .text.HAL_ADC_ConfigChannel
                0x0000000008003fe4      0x264 ./Drivers/STM32F4xx_HAL_Driver/Src/stm32f4xx_hal_adc.o
                0x0000000008003fe4                HAL_ADC_ConfigChannel
 .text.ADC_Init
                0x0000000008004248      0x1f8 ./Drivers/STM32F4xx_HAL_Driver/Src/stm32f4xx_hal_adc.o
 .text.ADC_DMAConvCplt
                0x0000000008004440       0xba ./Drivers/STM32F4xx_HAL_Driver/Src/stm32f4xx_hal_adc.o
 .text.ADC_DMAHalfConvCplt
                0x00000000080044fa       0x1c ./Drivers/STM32F4xx_HAL_Driver/Src/stm32f4xx_hal_adc.o
 .text.ADC_DMAError
                0x0000000008004516       0x2e ./Drivers/STM32F4xx_HAL_Driver/Src/stm32f4xx_hal_adc.o
 .text.HAL_ADCEx_InjectedConvCpltCallback
                0x0000000008004544       0x14 ./Drivers/STM32F4xx_HAL_Driver/Src/stm32f4xx_hal_adc_ex.o
                0x0000000008004544                HAL_ADCEx_InjectedConvCpltCallback
 .text.__NVIC_SetPriorityGrouping
                0x0000000008004558       0x48 ./Drivers/STM32F4xx_HAL_Driver/Src/stm32f4xx_hal_cortex.o
 .text.__NVIC_GetPriorityGrouping
                0x00000000080045a0       0x1c ./Drivers/STM32F4xx_HAL_Driver/Src/stm32f4xx_hal_cortex.o
 .text.__NVIC_EnableIRQ
                0x00000000080045bc       0x3c ./Drivers/STM32F4xx_HAL_Driver/Src/stm32f4xx_hal_cortex.o
 .text.__NVIC_SetPriority
                0x00000000080045f8       0x54 ./Drivers/STM32F4xx_HAL_Driver/Src/stm32f4xx_hal_cortex.o
 .text.NVIC_EncodePriority
                0x000000000800464c       0x66 ./Drivers/STM32F4xx_HAL_Driver/Src/stm32f4xx_hal_cortex.o
 *fill*         0x00000000080046b2        0x2 
 .text.SysTick_Config
                0x00000000080046b4       0x44 ./Drivers/STM32F4xx_HAL_Driver/Src/stm32f4xx_hal_cortex.o
 .text.HAL_NVIC_SetPriorityGrouping
                0x00000000080046f8       0x16 ./Drivers/STM32F4xx_HAL_Driver/Src/stm32f4xx_hal_cortex.o
                0x00000000080046f8                HAL_NVIC_SetPriorityGrouping
 .text.HAL_NVIC_SetPriority
                0x000000000800470e       0x38 ./Drivers/STM32F4xx_HAL_Driver/Src/stm32f4xx_hal_cortex.o
                0x000000000800470e                HAL_NVIC_SetPriority
 .text.HAL_NVIC_EnableIRQ
                0x0000000008004746       0x1c ./Drivers/STM32F4xx_HAL_Driver/Src/stm32f4xx_hal_cortex.o
                0x0000000008004746                HAL_NVIC_EnableIRQ
 .text.HAL_SYSTICK_Config
                0x0000000008004762       0x18 ./Drivers/STM32F4xx_HAL_Driver/Src/stm32f4xx_hal_cortex.o
                0x0000000008004762                HAL_SYSTICK_Config
 *fill*         0x000000000800477a        0x2 
 .text.HAL_DMA_Init
                0x000000000800477c      0x15c ./Drivers/STM32F4xx_HAL_Driver/Src/stm32f4xx_hal_dma.o
                0x000000000800477c                HAL_DMA_Init
 .text.HAL_DMA_Start_IT
                0x00000000080048d8       0xb0 ./Drivers/STM32F4xx_HAL_Driver/Src/stm32f4xx_hal_dma.o
                0x00000000080048d8                HAL_DMA_Start_IT
 .text.HAL_DMA_Abort
                0x0000000008004988       0xe0 ./Drivers/STM32F4xx_HAL_Driver/Src/stm32f4xx_hal_dma.o
                0x0000000008004988                HAL_DMA_Abort
 .text.HAL_DMA_Abort_IT
                0x0000000008004a68       0x44 ./Drivers/STM32F4xx_HAL_Driver/Src/stm32f4xx_hal_dma.o
                0x0000000008004a68                HAL_DMA_Abort_IT
 .text.HAL_DMA_IRQHandler
                0x0000000008004aac      0x314 ./Drivers/STM32F4xx_HAL_Driver/Src/stm32f4xx_hal_dma.o
                0x0000000008004aac                HAL_DMA_IRQHandler
 .text.HAL_DMA_GetState
                0x0000000008004dc0       0x1c ./Drivers/STM32F4xx_HAL_Driver/Src/stm32f4xx_hal_dma.o
                0x0000000008004dc0                HAL_DMA_GetState
 .text.DMA_SetConfig
                0x0000000008004ddc       0x5c ./Drivers/STM32F4xx_HAL_Driver/Src/stm32f4xx_hal_dma.o
 .text.DMA_CalcBaseAndBitshift
                0x0000000008004e38       0x6c ./Drivers/STM32F4xx_HAL_Driver/Src/stm32f4xx_hal_dma.o
 .text.DMA_CheckFifoParam
                0x0000000008004ea4       0xf8 ./Drivers/STM32F4xx_HAL_Driver/Src/stm32f4xx_hal_dma.o
 .text.HAL_GPIO_Init
                0x0000000008004f9c      0x308 ./Drivers/STM32F4xx_HAL_Driver/Src/stm32f4xx_hal_gpio.o
                0x0000000008004f9c                HAL_GPIO_Init
 .text.HAL_GPIO_ReadPin
                0x00000000080052a4       0x30 ./Drivers/STM32F4xx_HAL_Driver/Src/stm32f4xx_hal_gpio.o
                0x00000000080052a4                HAL_GPIO_ReadPin
 .text.HAL_GPIO_WritePin
                0x00000000080052d4       0x32 ./Drivers/STM32F4xx_HAL_Driver/Src/stm32f4xx_hal_gpio.o
                0x00000000080052d4                HAL_GPIO_WritePin
 *fill*         0x0000000008005306        0x2 
 .text.HAL_RCC_OscConfig
                0x0000000008005308      0x4f0 ./Drivers/STM32F4xx_HAL_Driver/Src/stm32f4xx_hal_rcc.o
                0x0000000008005308                HAL_RCC_OscConfig
 .text.HAL_RCC_ClockConfig
                0x00000000080057f8      0x1cc ./Drivers/STM32F4xx_HAL_Driver/Src/stm32f4xx_hal_rcc.o
                0x00000000080057f8                HAL_RCC_ClockConfig
 .text.HAL_RCC_GetSysClockFreq
                0x00000000080059c4      0x1c4 ./Drivers/STM32F4xx_HAL_Driver/Src/stm32f4xx_hal_rcc.o
                0x00000000080059c4                HAL_RCC_GetSysClockFreq
 .text.HAL_SPI_Init
                0x0000000008005b88      0x112 ./Drivers/STM32F4xx_HAL_Driver/Src/stm32f4xx_hal_spi.o
                0x0000000008005b88                HAL_SPI_Init
 .text.HAL_SPI_Transmit
                0x0000000008005c9a      0x278 ./Drivers/STM32F4xx_HAL_Driver/Src/stm32f4xx_hal_spi.o
                0x0000000008005c9a                HAL_SPI_Transmit
 .text.HAL_SPI_Receive
                0x0000000008005f12      0x222 ./Drivers/STM32F4xx_HAL_Driver/Src/stm32f4xx_hal_spi.o
                0x0000000008005f12                HAL_SPI_Receive
 .text.HAL_SPI_TransmitReceive
                0x0000000008006134      0x344 ./Drivers/STM32F4xx_HAL_Driver/Src/stm32f4xx_hal_spi.o
                0x0000000008006134                HAL_SPI_TransmitReceive
 .text.HAL_SPI_Transmit_DMA
                0x0000000008006478      0x16c ./Drivers/STM32F4xx_HAL_Driver/Src/stm32f4xx_hal_spi.o
                0x0000000008006478                HAL_SPI_Transmit_DMA
 .text.HAL_SPI_DMAStop
                0x00000000080065e4       0x7e ./Drivers/STM32F4xx_HAL_Driver/Src/stm32f4xx_hal_spi.o
                0x00000000080065e4                HAL_SPI_DMAStop
 *fill*         0x0000000008006662        0x2 
 .text.HAL_SPI_IRQHandler
                0x0000000008006664      0x200 ./Drivers/STM32F4xx_HAL_Driver/Src/stm32f4xx_hal_spi.o
                0x0000000008006664                HAL_SPI_IRQHandler
 .text.HAL_SPI_ErrorCallback
                0x0000000008006864       0x14 ./Drivers/STM32F4xx_HAL_Driver/Src/stm32f4xx_hal_spi.o
                0x0000000008006864                HAL_SPI_ErrorCallback
 .text.SPI_DMATransmitCplt
                0x0000000008006878       0xa8 ./Drivers/STM32F4xx_HAL_Driver/Src/stm32f4xx_hal_spi.o
 .text.SPI_DMAHalfTransmitCplt
                0x0000000008006920       0x1c ./Drivers/STM32F4xx_HAL_Driver/Src/stm32f4xx_hal_spi.o
 .text.SPI_DMAError
                0x000000000800693c       0x40 ./Drivers/STM32F4xx_HAL_Driver/Src/stm32f4xx_hal_spi.o
 .text.SPI_DMAAbortOnError
                0x000000000800697c       0x28 ./Drivers/STM32F4xx_HAL_Driver/Src/stm32f4xx_hal_spi.o
 .text.SPI_WaitFlagStateUntilTimeout
                0x00000000080069a4      0x110 ./Drivers/STM32F4xx_HAL_Driver/Src/stm32f4xx_hal_spi.o
 .text.SPI_EndRxTransaction
                0x0000000008006ab4       0xca ./Drivers/STM32F4xx_HAL_Driver/Src/stm32f4xx_hal_spi.o
 *fill*         0x0000000008006b7e        0x2 
 .text.SPI_EndRxTxTransaction
                0x0000000008006b80       0x84 ./Drivers/STM32F4xx_HAL_Driver/Src/stm32f4xx_hal_spi.o
 .text.HAL_TIM_Base_Init
                0x0000000008006c04       0x9e ./Drivers/STM32F4xx_HAL_Driver/Src/stm32f4xx_hal_tim.o
                0x0000000008006c04                HAL_TIM_Base_Init
 *fill*         0x0000000008006ca2        0x2 
 .text.HAL_TIM_Base_Start
                0x0000000008006ca4       0xb4 ./Drivers/STM32F4xx_HAL_Driver/Src/stm32f4xx_hal_tim.o
                0x0000000008006ca4                HAL_TIM_Base_Start
 .text.HAL_TIM_PWM_Init
                0x0000000008006d58       0x9e ./Drivers/STM32F4xx_HAL_Driver/Src/stm32f4xx_hal_tim.o
                0x0000000008006d58                HAL_TIM_PWM_Init
 .text.HAL_TIM_PWM_MspInit
                0x0000000008006df6       0x14 ./Drivers/STM32F4xx_HAL_Driver/Src/stm32f4xx_hal_tim.o
                0x0000000008006df6                HAL_TIM_PWM_MspInit
 *fill*         0x0000000008006e0a        0x2 
 .text.HAL_TIM_PWM_Start_DMA
                0x0000000008006e0c      0x360 ./Drivers/STM32F4xx_HAL_Driver/Src/stm32f4xx_hal_tim.o
                0x0000000008006e0c                HAL_TIM_PWM_Start_DMA
 .text.HAL_TIM_PWM_Stop_DMA
                0x000000000800716c      0x18c ./Drivers/STM32F4xx_HAL_Driver/Src/stm32f4xx_hal_tim.o
                0x000000000800716c                HAL_TIM_PWM_Stop_DMA
 .text.HAL_TIM_IRQHandler
                0x00000000080072f8      0x210 ./Drivers/STM32F4xx_HAL_Driver/Src/stm32f4xx_hal_tim.o
                0x00000000080072f8                HAL_TIM_IRQHandler
 .text.HAL_TIM_PWM_ConfigChannel
                0x0000000008007508      0x184 ./Drivers/STM32F4xx_HAL_Driver/Src/stm32f4xx_hal_tim.o
                0x0000000008007508                HAL_TIM_PWM_ConfigChannel
 .text.HAL_TIM_ConfigClockSource
                0x000000000800768c      0x18e ./Drivers/STM32F4xx_HAL_Driver/Src/stm32f4xx_hal_tim.o
                0x000000000800768c                HAL_TIM_ConfigClockSource
 .text.HAL_TIM_PeriodElapsedCallback
                0x000000000800781a       0x14 ./Drivers/STM32F4xx_HAL_Driver/Src/stm32f4xx_hal_tim.o
                0x000000000800781a                HAL_TIM_PeriodElapsedCallback
 .text.HAL_TIM_OC_DelayElapsedCallback
                0x000000000800782e       0x14 ./Drivers/STM32F4xx_HAL_Driver/Src/stm32f4xx_hal_tim.o
                0x000000000800782e                HAL_TIM_OC_DelayElapsedCallback
 .text.HAL_TIM_IC_CaptureCallback
                0x0000000008007842       0x14 ./Drivers/STM32F4xx_HAL_Driver/Src/stm32f4xx_hal_tim.o
                0x0000000008007842                HAL_TIM_IC_CaptureCallback
 .text.HAL_TIM_PWM_PulseFinishedCallback
                0x0000000008007856       0x14 ./Drivers/STM32F4xx_HAL_Driver/Src/stm32f4xx_hal_tim.o
                0x0000000008007856                HAL_TIM_PWM_PulseFinishedCallback
 .text.HAL_TIM_PWM_PulseFinishedHalfCpltCallback
                0x000000000800786a       0x14 ./Drivers/STM32F4xx_HAL_Driver/Src/stm32f4xx_hal_tim.o
                0x000000000800786a                HAL_TIM_PWM_PulseFinishedHalfCpltCallback
 .text.HAL_TIM_TriggerCallback
                0x000000000800787e       0x14 ./Drivers/STM32F4xx_HAL_Driver/Src/stm32f4xx_hal_tim.o
                0x000000000800787e                HAL_TIM_TriggerCallback
 .text.HAL_TIM_ErrorCallback
                0x0000000008007892       0x14 ./Drivers/STM32F4xx_HAL_Driver/Src/stm32f4xx_hal_tim.o
                0x0000000008007892                HAL_TIM_ErrorCallback
 .text.TIM_DMAError
                0x00000000080078a6       0x92 ./Drivers/STM32F4xx_HAL_Driver/Src/stm32f4xx_hal_tim.o
                0x00000000080078a6                TIM_DMAError
 .text.TIM_DMADelayPulseCplt
                0x0000000008007938       0xa8 ./Drivers/STM32F4xx_HAL_Driver/Src/stm32f4xx_hal_tim.o
 .text.TIM_DMADelayPulseHalfCplt
                0x00000000080079e0       0x68 ./Drivers/STM32F4xx_HAL_Driver/Src/stm32f4xx_hal_tim.o
                0x00000000080079e0                TIM_DMADelayPulseHalfCplt
 .text.TIM_Base_SetConfig
                0x0000000008007a48      0x100 ./Drivers/STM32F4xx_HAL_Driver/Src/stm32f4xx_hal_tim.o
                0x0000000008007a48                TIM_Base_SetConfig
 .text.TIM_OC1_SetConfig
                0x0000000008007b48       0xcc ./Drivers/STM32F4xx_HAL_Driver/Src/stm32f4xx_hal_tim.o
 .text.TIM_OC2_SetConfig
                0x0000000008007c14       0xd8 ./Drivers/STM32F4xx_HAL_Driver/Src/stm32f4xx_hal_tim.o
                0x0000000008007c14                TIM_OC2_SetConfig
 .text.TIM_OC3_SetConfig
                0x0000000008007cec       0xd4 ./Drivers/STM32F4xx_HAL_Driver/Src/stm32f4xx_hal_tim.o
 .text.TIM_OC4_SetConfig
                0x0000000008007dc0       0xa0 ./Drivers/STM32F4xx_HAL_Driver/Src/stm32f4xx_hal_tim.o
 .text.TIM_TI1_ConfigInputStage
                0x0000000008007e60       0x5e ./Drivers/STM32F4xx_HAL_Driver/Src/stm32f4xx_hal_tim.o
 .text.TIM_TI2_ConfigInputStage
                0x0000000008007ebe       0x60 ./Drivers/STM32F4xx_HAL_Driver/Src/stm32f4xx_hal_tim.o
 .text.TIM_ITRx_SetConfig
                0x0000000008007f1e       0x36 ./Drivers/STM32F4xx_HAL_Driver/Src/stm32f4xx_hal_tim.o
 .text.TIM_ETR_SetConfig
                0x0000000008007f54       0x40 ./Drivers/STM32F4xx_HAL_Driver/Src/stm32f4xx_hal_tim.o
                0x0000000008007f54                TIM_ETR_SetConfig
 .text.TIM_CCxChannelCmd
                0x0000000008007f94       0x4a ./Drivers/STM32F4xx_HAL_Driver/Src/stm32f4xx_hal_tim.o
                0x0000000008007f94                TIM_CCxChannelCmd
 *fill*         0x0000000008007fde        0x2 
 .text.HAL_TIMEx_MasterConfigSynchronization
                0x0000000008007fe0       0xdc ./Drivers/STM32F4xx_HAL_Driver/Src/stm32f4xx_hal_tim_ex.o
                0x0000000008007fe0                HAL_TIMEx_MasterConfigSynchronization
 .text.HAL_TIMEx_CommutCallback
                0x00000000080080bc       0x14 ./Drivers/STM32F4xx_HAL_Driver/Src/stm32f4xx_hal_tim_ex.o
                0x00000000080080bc                HAL_TIMEx_CommutCallback
 .text.HAL_TIMEx_BreakCallback
                0x00000000080080d0       0x14 ./Drivers/STM32F4xx_HAL_Driver/Src/stm32f4xx_hal_tim_ex.o
                0x00000000080080d0                HAL_TIMEx_BreakCallback
 .text.arm_rfft_fast_init_f32
                0x00000000080080e4      0x108 ../Core/Lib\libarm_cortexM4lf_math.a(arm_rfft_fast_init_f32.o)
                0x00000000080080e4                arm_rfft_fast_init_f32
 .text.arm_rfft_fast_f32
                0x00000000080081ec      0x188 ../Core/Lib\libarm_cortexM4lf_math.a(arm_rfft_fast_f32.o)
                0x00000000080081ec                arm_rfft_fast_f32
 .text.arm_cfft_radix8by2_f32
                0x0000000008008374      0x1a4 ../Core/Lib\libarm_cortexM4lf_math.a(arm_cfft_f32.o)
                0x0000000008008374                arm_cfft_radix8by2_f32
 .text.arm_cfft_radix8by4_f32
                0x0000000008008518      0x4bc ../Core/Lib\libarm_cortexM4lf_math.a(arm_cfft_f32.o)
                0x0000000008008518                arm_cfft_radix8by4_f32
 .text.arm_cfft_f32
                0x00000000080089d4       0xf4 ../Core/Lib\libarm_cortexM4lf_math.a(arm_cfft_f32.o)
                0x00000000080089d4                arm_cfft_f32
 .text.arm_radix8_butterfly_f32
                0x0000000008008ac8      0x5c4 ../Core/Lib\libarm_cortexM4lf_math.a(arm_cfft_radix8_f32.o)
                0x0000000008008ac8                arm_radix8_butterfly_f32
 .text.__errno  0x000000000800908c        0xc c:/st/stm32cubeide_1.7.0/stm32cubeide/plugins/com.st.stm32cube.ide.mcu.externaltools.gnu-tools-for-stm32.9-2020-q2-update.win32_2.0.0.202105311346/tools/bin/../lib/gcc/arm-none-eabi/9.3.1/../../../../arm-none-eabi/lib/thumb/v7e-m+fp/hard\libc_nano.a(lib_a-errno.o)
                0x000000000800908c                __errno
 .text.__libc_init_array
                0x0000000008009098       0x48 c:/st/stm32cubeide_1.7.0/stm32cubeide/plugins/com.st.stm32cube.ide.mcu.externaltools.gnu-tools-for-stm32.9-2020-q2-update.win32_2.0.0.202105311346/tools/bin/../lib/gcc/arm-none-eabi/9.3.1/../../../../arm-none-eabi/lib/thumb/v7e-m+fp/hard\libc_nano.a(lib_a-init.o)
                0x0000000008009098                __libc_init_array
 .text.memset   0x00000000080090e0       0x10 c:/st/stm32cubeide_1.7.0/stm32cubeide/plugins/com.st.stm32cube.ide.mcu.externaltools.gnu-tools-for-stm32.9-2020-q2-update.win32_2.0.0.202105311346/tools/bin/../lib/gcc/arm-none-eabi/9.3.1/../../../../arm-none-eabi/lib/thumb/v7e-m+fp/hard\libc_nano.a(lib_a-memset.o)
                0x00000000080090e0                memset
 .text.rand     0x00000000080090f0       0x80 c:/st/stm32cubeide_1.7.0/stm32cubeide/plugins/com.st.stm32cube.ide.mcu.externaltools.gnu-tools-for-stm32.9-2020-q2-update.win32_2.0.0.202105311346/tools/bin/../lib/gcc/arm-none-eabi/9.3.1/../../../../arm-none-eabi/lib/thumb/v7e-m+fp/hard\libc_nano.a(lib_a-rand.o)
                0x00000000080090f0                rand
 .text.sprintf  0x0000000008009170       0x40 c:/st/stm32cubeide_1.7.0/stm32cubeide/plugins/com.st.stm32cube.ide.mcu.externaltools.gnu-tools-for-stm32.9-2020-q2-update.win32_2.0.0.202105311346/tools/bin/../lib/gcc/arm-none-eabi/9.3.1/../../../../arm-none-eabi/lib/thumb/v7e-m+fp/hard\libc_nano.a(lib_a-sprintf.o)
                0x0000000008009170                siprintf
                0x0000000008009170                sprintf
 .text.__assert_func
                0x00000000080091b0       0x3c c:/st/stm32cubeide_1.7.0/stm32cubeide/plugins/com.st.stm32cube.ide.mcu.externaltools.gnu-tools-for-stm32.9-2020-q2-update.win32_2.0.0.202105311346/tools/bin/../lib/gcc/arm-none-eabi/9.3.1/../../../../arm-none-eabi/lib/thumb/v7e-m+fp/hard\libc_nano.a(lib_a-assert.o)
                0x00000000080091b0                __assert_func
 .text.fprintf  0x00000000080091ec       0x24 c:/st/stm32cubeide_1.7.0/stm32cubeide/plugins/com.st.stm32cube.ide.mcu.externaltools.gnu-tools-for-stm32.9-2020-q2-update.win32_2.0.0.202105311346/tools/bin/../lib/gcc/arm-none-eabi/9.3.1/../../../../arm-none-eabi/lib/thumb/v7e-m+fp/hard\libc_nano.a(lib_a-fprintf.o)
                0x00000000080091ec                fiprintf
                0x00000000080091ec                fprintf
 .text.malloc   0x0000000008009210       0x10 c:/st/stm32cubeide_1.7.0/stm32cubeide/plugins/com.st.stm32cube.ide.mcu.externaltools.gnu-tools-for-stm32.9-2020-q2-update.win32_2.0.0.202105311346/tools/bin/../lib/gcc/arm-none-eabi/9.3.1/../../../../arm-none-eabi/lib/thumb/v7e-m+fp/hard\libc_nano.a(lib_a-malloc.o)
                0x0000000008009210                malloc
 .text._free_r  0x0000000008009220       0xa0 c:/st/stm32cubeide_1.7.0/stm32cubeide/plugins/com.st.stm32cube.ide.mcu.externaltools.gnu-tools-for-stm32.9-2020-q2-update.win32_2.0.0.202105311346/tools/bin/../lib/gcc/arm-none-eabi/9.3.1/../../../../arm-none-eabi/lib/thumb/v7e-m+fp/hard\libc_nano.a(lib_a-nano-freer.o)
                0x0000000008009220                _free_r
 .text._malloc_r
                0x00000000080092c0       0xb4 c:/st/stm32cubeide_1.7.0/stm32cubeide/plugins/com.st.stm32cube.ide.mcu.externaltools.gnu-tools-for-stm32.9-2020-q2-update.win32_2.0.0.202105311346/tools/bin/../lib/gcc/arm-none-eabi/9.3.1/../../../../arm-none-eabi/lib/thumb/v7e-m+fp/hard\libc_nano.a(lib_a-nano-mallocr.o)
                0x00000000080092c0                _malloc_r
 .text.__ssputs_r
                0x0000000008009374       0xb6 c:/st/stm32cubeide_1.7.0/stm32cubeide/plugins/com.st.stm32cube.ide.mcu.externaltools.gnu-tools-for-stm32.9-2020-q2-update.win32_2.0.0.202105311346/tools/bin/../lib/gcc/arm-none-eabi/9.3.1/../../../../arm-none-eabi/lib/thumb/v7e-m+fp/hard\libc_nano.a(lib_a-nano-svfprintf.o)
                0x0000000008009374                __ssputs_r
 *fill*         0x000000000800942a        0x2 
 .text._svfprintf_r
                0x000000000800942c      0x200 c:/st/stm32cubeide_1.7.0/stm32cubeide/plugins/com.st.stm32cube.ide.mcu.externaltools.gnu-tools-for-stm32.9-2020-q2-update.win32_2.0.0.202105311346/tools/bin/../lib/gcc/arm-none-eabi/9.3.1/../../../../arm-none-eabi/lib/thumb/v7e-m+fp/hard\libc_nano.a(lib_a-nano-svfprintf.o)
                0x000000000800942c                _svfiprintf_r
                0x000000000800942c                _svfprintf_r
 .text.__sfputc_r
                0x000000000800962c       0x2e c:/st/stm32cubeide_1.7.0/stm32cubeide/plugins/com.st.stm32cube.ide.mcu.externaltools.gnu-tools-for-stm32.9-2020-q2-update.win32_2.0.0.202105311346/tools/bin/../lib/gcc/arm-none-eabi/9.3.1/../../../../arm-none-eabi/lib/thumb/v7e-m+fp/hard\libc_nano.a(lib_a-nano-vfprintf.o)
 .text.__sfputs_r
                0x000000000800965a       0x24 c:/st/stm32cubeide_1.7.0/stm32cubeide/plugins/com.st.stm32cube.ide.mcu.externaltools.gnu-tools-for-stm32.9-2020-q2-update.win32_2.0.0.202105311346/tools/bin/../lib/gcc/arm-none-eabi/9.3.1/../../../../arm-none-eabi/lib/thumb/v7e-m+fp/hard\libc_nano.a(lib_a-nano-vfprintf.o)
                0x000000000800965a                __sfputs_r
 *fill*         0x000000000800967e        0x2 
 .text._vfprintf_r
                0x0000000008009680      0x260 c:/st/stm32cubeide_1.7.0/stm32cubeide/plugins/com.st.stm32cube.ide.mcu.externaltools.gnu-tools-for-stm32.9-2020-q2-update.win32_2.0.0.202105311346/tools/bin/../lib/gcc/arm-none-eabi/9.3.1/../../../../arm-none-eabi/lib/thumb/v7e-m+fp/hard\libc_nano.a(lib_a-nano-vfprintf.o)
                0x0000000008009680                _vfprintf_r
                0x0000000008009680                _vfiprintf_r
 .text._printf_common
                0x00000000080098e0       0xda c:/st/stm32cubeide_1.7.0/stm32cubeide/plugins/com.st.stm32cube.ide.mcu.externaltools.gnu-tools-for-stm32.9-2020-q2-update.win32_2.0.0.202105311346/tools/bin/../lib/gcc/arm-none-eabi/9.3.1/../../../../arm-none-eabi/lib/thumb/v7e-m+fp/hard\libc_nano.a(lib_a-nano-vfprintf_i.o)
                0x00000000080098e0                _printf_common
 *fill*         0x00000000080099ba        0x2 
 .text._printf_i
                0x00000000080099bc      0x24c c:/st/stm32cubeide_1.7.0/stm32cubeide/plugins/com.st.stm32cube.ide.mcu.externaltools.gnu-tools-for-stm32.9-2020-q2-update.win32_2.0.0.202105311346/tools/bin/../lib/gcc/arm-none-eabi/9.3.1/../../../../arm-none-eabi/lib/thumb/v7e-m+fp/hard\libc_nano.a(lib_a-nano-vfprintf_i.o)
                0x00000000080099bc                _printf_i
 .text._sbrk_r  0x0000000008009c08       0x20 c:/st/stm32cubeide_1.7.0/stm32cubeide/plugins/com.st.stm32cube.ide.mcu.externaltools.gnu-tools-for-stm32.9-2020-q2-update.win32_2.0.0.202105311346/tools/bin/../lib/gcc/arm-none-eabi/9.3.1/../../../../arm-none-eabi/lib/thumb/v7e-m+fp/hard\libc_nano.a(lib_a-sbrkr.o)
                0x0000000008009c08                _sbrk_r
 .text.__swbuf_r
                0x0000000008009c28       0xa4 c:/st/stm32cubeide_1.7.0/stm32cubeide/plugins/com.st.stm32cube.ide.mcu.externaltools.gnu-tools-for-stm32.9-2020-q2-update.win32_2.0.0.202105311346/tools/bin/../lib/gcc/arm-none-eabi/9.3.1/../../../../arm-none-eabi/lib/thumb/v7e-m+fp/hard\libc_nano.a(lib_a-wbuf.o)
                0x0000000008009c28                __swbuf_r
 .text.__swsetup_r
                0x0000000008009ccc       0xdc c:/st/stm32cubeide_1.7.0/stm32cubeide/plugins/com.st.stm32cube.ide.mcu.externaltools.gnu-tools-for-stm32.9-2020-q2-update.win32_2.0.0.202105311346/tools/bin/../lib/gcc/arm-none-eabi/9.3.1/../../../../arm-none-eabi/lib/thumb/v7e-m+fp/hard\libc_nano.a(lib_a-wsetup.o)
                0x0000000008009ccc                __swsetup_r
 .text.abort    0x0000000008009da8        0xe c:/st/stm32cubeide_1.7.0/stm32cubeide/plugins/com.st.stm32cube.ide.mcu.externaltools.gnu-tools-for-stm32.9-2020-q2-update.win32_2.0.0.202105311346/tools/bin/../lib/gcc/arm-none-eabi/9.3.1/../../../../arm-none-eabi/lib/thumb/v7e-m+fp/hard\libc_nano.a(lib_a-abort.o)
                0x0000000008009da8                abort
 *fill*         0x0000000008009db6        0x2 
 .text.__sflush_r
                0x0000000008009db8      0x10c c:/st/stm32cubeide_1.7.0/stm32cubeide/plugins/com.st.stm32cube.ide.mcu.externaltools.gnu-tools-for-stm32.9-2020-q2-update.win32_2.0.0.202105311346/tools/bin/../lib/gcc/arm-none-eabi/9.3.1/../../../../arm-none-eabi/lib/thumb/v7e-m+fp/hard\libc_nano.a(lib_a-fflush.o)
                0x0000000008009db8                __sflush_r
 .text._fflush_r
                0x0000000008009ec4       0x78 c:/st/stm32cubeide_1.7.0/stm32cubeide/plugins/com.st.stm32cube.ide.mcu.externaltools.gnu-tools-for-stm32.9-2020-q2-update.win32_2.0.0.202105311346/tools/bin/../lib/gcc/arm-none-eabi/9.3.1/../../../../arm-none-eabi/lib/thumb/v7e-m+fp/hard\libc_nano.a(lib_a-fflush.o)
                0x0000000008009ec4                _fflush_r
 .text.std      0x0000000008009f3c       0x48 c:/st/stm32cubeide_1.7.0/stm32cubeide/plugins/com.st.stm32cube.ide.mcu.externaltools.gnu-tools-for-stm32.9-2020-q2-update.win32_2.0.0.202105311346/tools/bin/../lib/gcc/arm-none-eabi/9.3.1/../../../../arm-none-eabi/lib/thumb/v7e-m+fp/hard\libc_nano.a(lib_a-findfp.o)
 .text._cleanup_r
                0x0000000008009f84        0xc c:/st/stm32cubeide_1.7.0/stm32cubeide/plugins/com.st.stm32cube.ide.mcu.externaltools.gnu-tools-for-stm32.9-2020-q2-update.win32_2.0.0.202105311346/tools/bin/../lib/gcc/arm-none-eabi/9.3.1/../../../../arm-none-eabi/lib/thumb/v7e-m+fp/hard\libc_nano.a(lib_a-findfp.o)
                0x0000000008009f84                _cleanup_r
 .text.__sfmoreglue
                0x0000000008009f90       0x2c c:/st/stm32cubeide_1.7.0/stm32cubeide/plugins/com.st.stm32cube.ide.mcu.externaltools.gnu-tools-for-stm32.9-2020-q2-update.win32_2.0.0.202105311346/tools/bin/../lib/gcc/arm-none-eabi/9.3.1/../../../../arm-none-eabi/lib/thumb/v7e-m+fp/hard\libc_nano.a(lib_a-findfp.o)
                0x0000000008009f90                __sfmoreglue
 .text.__sfp_lock_acquire
                0x0000000008009fbc        0xc c:/st/stm32cubeide_1.7.0/stm32cubeide/plugins/com.st.stm32cube.ide.mcu.externaltools.gnu-tools-for-stm32.9-2020-q2-update.win32_2.0.0.202105311346/tools/bin/../lib/gcc/arm-none-eabi/9.3.1/../../../../arm-none-eabi/lib/thumb/v7e-m+fp/hard\libc_nano.a(lib_a-findfp.o)
                0x0000000008009fbc                __sfp_lock_acquire
 .text.__sfp_lock_release
                0x0000000008009fc8        0xc c:/st/stm32cubeide_1.7.0/stm32cubeide/plugins/com.st.stm32cube.ide.mcu.externaltools.gnu-tools-for-stm32.9-2020-q2-update.win32_2.0.0.202105311346/tools/bin/../lib/gcc/arm-none-eabi/9.3.1/../../../../arm-none-eabi/lib/thumb/v7e-m+fp/hard\libc_nano.a(lib_a-findfp.o)
                0x0000000008009fc8                __sfp_lock_release
 .text.__sinit_lock_acquire
                0x0000000008009fd4        0xc c:/st/stm32cubeide_1.7.0/stm32cubeide/plugins/com.st.stm32cube.ide.mcu.externaltools.gnu-tools-for-stm32.9-2020-q2-update.win32_2.0.0.202105311346/tools/bin/../lib/gcc/arm-none-eabi/9.3.1/../../../../arm-none-eabi/lib/thumb/v7e-m+fp/hard\libc_nano.a(lib_a-findfp.o)
                0x0000000008009fd4                __sinit_lock_acquire
 .text.__sinit_lock_release
                0x0000000008009fe0        0xc c:/st/stm32cubeide_1.7.0/stm32cubeide/plugins/com.st.stm32cube.ide.mcu.externaltools.gnu-tools-for-stm32.9-2020-q2-update.win32_2.0.0.202105311346/tools/bin/../lib/gcc/arm-none-eabi/9.3.1/../../../../arm-none-eabi/lib/thumb/v7e-m+fp/hard\libc_nano.a(lib_a-findfp.o)
                0x0000000008009fe0                __sinit_lock_release
 .text.__sinit  0x0000000008009fec       0x70 c:/st/stm32cubeide_1.7.0/stm32cubeide/plugins/com.st.stm32cube.ide.mcu.externaltools.gnu-tools-for-stm32.9-2020-q2-update.win32_2.0.0.202105311346/tools/bin/../lib/gcc/arm-none-eabi/9.3.1/../../../../arm-none-eabi/lib/thumb/v7e-m+fp/hard\libc_nano.a(lib_a-findfp.o)
                0x0000000008009fec                __sinit
 .text.__sfp    0x000000000800a05c       0x8c c:/st/stm32cubeide_1.7.0/stm32cubeide/plugins/com.st.stm32cube.ide.mcu.externaltools.gnu-tools-for-stm32.9-2020-q2-update.win32_2.0.0.202105311346/tools/bin/../lib/gcc/arm-none-eabi/9.3.1/../../../../arm-none-eabi/lib/thumb/v7e-m+fp/hard\libc_nano.a(lib_a-findfp.o)
                0x000000000800a05c                __sfp
 .text._fwalk_reent
                0x000000000800a0e8       0x3e c:/st/stm32cubeide_1.7.0/stm32cubeide/plugins/com.st.stm32cube.ide.mcu.externaltools.gnu-tools-for-stm32.9-2020-q2-update.win32_2.0.0.202105311346/tools/bin/../lib/gcc/arm-none-eabi/9.3.1/../../../../arm-none-eabi/lib/thumb/v7e-m+fp/hard\libc_nano.a(lib_a-fwalk.o)
                0x000000000800a0e8                _fwalk_reent
 .text.__retarget_lock_init_recursive
                0x000000000800a126        0x2 c:/st/stm32cubeide_1.7.0/stm32cubeide/plugins/com.st.stm32cube.ide.mcu.externaltools.gnu-tools-for-stm32.9-2020-q2-update.win32_2.0.0.202105311346/tools/bin/../lib/gcc/arm-none-eabi/9.3.1/../../../../arm-none-eabi/lib/thumb/v7e-m+fp/hard\libc_nano.a(lib_a-lock.o)
                0x000000000800a126                __retarget_lock_init_recursive
 .text.__retarget_lock_acquire_recursive
                0x000000000800a128        0x2 c:/st/stm32cubeide_1.7.0/stm32cubeide/plugins/com.st.stm32cube.ide.mcu.externaltools.gnu-tools-for-stm32.9-2020-q2-update.win32_2.0.0.202105311346/tools/bin/../lib/gcc/arm-none-eabi/9.3.1/../../../../arm-none-eabi/lib/thumb/v7e-m+fp/hard\libc_nano.a(lib_a-lock.o)
                0x000000000800a128                __retarget_lock_acquire_recursive
 .text.__retarget_lock_release_recursive
                0x000000000800a12a        0x2 c:/st/stm32cubeide_1.7.0/stm32cubeide/plugins/com.st.stm32cube.ide.mcu.externaltools.gnu-tools-for-stm32.9-2020-q2-update.win32_2.0.0.202105311346/tools/bin/../lib/gcc/arm-none-eabi/9.3.1/../../../../arm-none-eabi/lib/thumb/v7e-m+fp/hard\libc_nano.a(lib_a-lock.o)
                0x000000000800a12a                __retarget_lock_release_recursive
 .text.__swhatbuf_r
                0x000000000800a12c       0x48 c:/st/stm32cubeide_1.7.0/stm32cubeide/plugins/com.st.stm32cube.ide.mcu.externaltools.gnu-tools-for-stm32.9-2020-q2-update.win32_2.0.0.202105311346/tools/bin/../lib/gcc/arm-none-eabi/9.3.1/../../../../arm-none-eabi/lib/thumb/v7e-m+fp/hard\libc_nano.a(lib_a-makebuf.o)
                0x000000000800a12c                __swhatbuf_r
 .text.__smakebuf_r
                0x000000000800a174       0x80 c:/st/stm32cubeide_1.7.0/stm32cubeide/plugins/com.st.stm32cube.ide.mcu.externaltools.gnu-tools-for-stm32.9-2020-q2-update.win32_2.0.0.202105311346/tools/bin/../lib/gcc/arm-none-eabi/9.3.1/../../../../arm-none-eabi/lib/thumb/v7e-m+fp/hard\libc_nano.a(lib_a-makebuf.o)
                0x000000000800a174                __smakebuf_r
 .text.memcpy   0x000000000800a1f4       0x1c c:/st/stm32cubeide_1.7.0/stm32cubeide/plugins/com.st.stm32cube.ide.mcu.externaltools.gnu-tools-for-stm32.9-2020-q2-update.win32_2.0.0.202105311346/tools/bin/../lib/gcc/arm-none-eabi/9.3.1/../../../../arm-none-eabi/lib/thumb/v7e-m+fp/hard\libc_nano.a(lib_a-memcpy-stub.o)
                0x000000000800a1f4                memcpy
 .text.memmove  0x000000000800a210       0x34 c:/st/stm32cubeide_1.7.0/stm32cubeide/plugins/com.st.stm32cube.ide.mcu.externaltools.gnu-tools-for-stm32.9-2020-q2-update.win32_2.0.0.202105311346/tools/bin/../lib/gcc/arm-none-eabi/9.3.1/../../../../arm-none-eabi/lib/thumb/v7e-m+fp/hard\libc_nano.a(lib_a-memmove.o)
                0x000000000800a210                memmove
 .text.__malloc_lock
                0x000000000800a244        0xc c:/st/stm32cubeide_1.7.0/stm32cubeide/plugins/com.st.stm32cube.ide.mcu.externaltools.gnu-tools-for-stm32.9-2020-q2-update.win32_2.0.0.202105311346/tools/bin/../lib/gcc/arm-none-eabi/9.3.1/../../../../arm-none-eabi/lib/thumb/v7e-m+fp/hard\libc_nano.a(lib_a-mlock.o)
                0x000000000800a244                __malloc_lock
 .text.__malloc_unlock
                0x000000000800a250        0xc c:/st/stm32cubeide_1.7.0/stm32cubeide/plugins/com.st.stm32cube.ide.mcu.externaltools.gnu-tools-for-stm32.9-2020-q2-update.win32_2.0.0.202105311346/tools/bin/../lib/gcc/arm-none-eabi/9.3.1/../../../../arm-none-eabi/lib/thumb/v7e-m+fp/hard\libc_nano.a(lib_a-mlock.o)
                0x000000000800a250                __malloc_unlock
 .text._realloc_r
                0x000000000800a25c       0x4c c:/st/stm32cubeide_1.7.0/stm32cubeide/plugins/com.st.stm32cube.ide.mcu.externaltools.gnu-tools-for-stm32.9-2020-q2-update.win32_2.0.0.202105311346/tools/bin/../lib/gcc/arm-none-eabi/9.3.1/../../../../arm-none-eabi/lib/thumb/v7e-m+fp/hard\libc_nano.a(lib_a-nano-reallocr.o)
                0x000000000800a25c                _realloc_r
 .text._raise_r
                0x000000000800a2a8       0x50 c:/st/stm32cubeide_1.7.0/stm32cubeide/plugins/com.st.stm32cube.ide.mcu.externaltools.gnu-tools-for-stm32.9-2020-q2-update.win32_2.0.0.202105311346/tools/bin/../lib/gcc/arm-none-eabi/9.3.1/../../../../arm-none-eabi/lib/thumb/v7e-m+fp/hard\libc_nano.a(lib_a-signal.o)
                0x000000000800a2a8                _raise_r
 .text.raise    0x000000000800a2f8       0x10 c:/st/stm32cubeide_1.7.0/stm32cubeide/plugins/com.st.stm32cube.ide.mcu.externaltools.gnu-tools-for-stm32.9-2020-q2-update.win32_2.0.0.202105311346/tools/bin/../lib/gcc/arm-none-eabi/9.3.1/../../../../arm-none-eabi/lib/thumb/v7e-m+fp/hard\libc_nano.a(lib_a-signal.o)
                0x000000000800a2f8                raise
 .text._kill_r  0x000000000800a308       0x24 c:/st/stm32cubeide_1.7.0/stm32cubeide/plugins/com.st.stm32cube.ide.mcu.externaltools.gnu-tools-for-stm32.9-2020-q2-update.win32_2.0.0.202105311346/tools/bin/../lib/gcc/arm-none-eabi/9.3.1/../../../../arm-none-eabi/lib/thumb/v7e-m+fp/hard\libc_nano.a(lib_a-signalr.o)
                0x000000000800a308                _kill_r
 .text._getpid_r
                0x000000000800a32c        0x4 c:/st/stm32cubeide_1.7.0/stm32cubeide/plugins/com.st.stm32cube.ide.mcu.externaltools.gnu-tools-for-stm32.9-2020-q2-update.win32_2.0.0.202105311346/tools/bin/../lib/gcc/arm-none-eabi/9.3.1/../../../../arm-none-eabi/lib/thumb/v7e-m+fp/hard\libc_nano.a(lib_a-signalr.o)
                0x000000000800a32c                _getpid_r
 .text.__sread  0x000000000800a330       0x22 c:/st/stm32cubeide_1.7.0/stm32cubeide/plugins/com.st.stm32cube.ide.mcu.externaltools.gnu-tools-for-stm32.9-2020-q2-update.win32_2.0.0.202105311346/tools/bin/../lib/gcc/arm-none-eabi/9.3.1/../../../../arm-none-eabi/lib/thumb/v7e-m+fp/hard\libc_nano.a(lib_a-stdio.o)
                0x000000000800a330                __sread
 .text.__swrite
                0x000000000800a352       0x38 c:/st/stm32cubeide_1.7.0/stm32cubeide/plugins/com.st.stm32cube.ide.mcu.externaltools.gnu-tools-for-stm32.9-2020-q2-update.win32_2.0.0.202105311346/tools/bin/../lib/gcc/arm-none-eabi/9.3.1/../../../../arm-none-eabi/lib/thumb/v7e-m+fp/hard\libc_nano.a(lib_a-stdio.o)
                0x000000000800a352                __swrite
 .text.__sseek  0x000000000800a38a       0x24 c:/st/stm32cubeide_1.7.0/stm32cubeide/plugins/com.st.stm32cube.ide.mcu.externaltools.gnu-tools-for-stm32.9-2020-q2-update.win32_2.0.0.202105311346/tools/bin/../lib/gcc/arm-none-eabi/9.3.1/../../../../arm-none-eabi/lib/thumb/v7e-m+fp/hard\libc_nano.a(lib_a-stdio.o)
                0x000000000800a38a                __sseek
 .text.__sclose
                0x000000000800a3ae        0x8 c:/st/stm32cubeide_1.7.0/stm32cubeide/plugins/com.st.stm32cube.ide.mcu.externaltools.gnu-tools-for-stm32.9-2020-q2-update.win32_2.0.0.202105311346/tools/bin/../lib/gcc/arm-none-eabi/9.3.1/../../../../arm-none-eabi/lib/thumb/v7e-m+fp/hard\libc_nano.a(lib_a-stdio.o)
                0x000000000800a3ae                __sclose
 *fill*         0x000000000800a3b6        0x2 
 .text._write_r
                0x000000000800a3b8       0x24 c:/st/stm32cubeide_1.7.0/stm32cubeide/plugins/com.st.stm32cube.ide.mcu.externaltools.gnu-tools-for-stm32.9-2020-q2-update.win32_2.0.0.202105311346/tools/bin/../lib/gcc/arm-none-eabi/9.3.1/../../../../arm-none-eabi/lib/thumb/v7e-m+fp/hard\libc_nano.a(lib_a-writer.o)
                0x000000000800a3b8                _write_r
 .text._close_r
                0x000000000800a3dc       0x20 c:/st/stm32cubeide_1.7.0/stm32cubeide/plugins/com.st.stm32cube.ide.mcu.externaltools.gnu-tools-for-stm32.9-2020-q2-update.win32_2.0.0.202105311346/tools/bin/../lib/gcc/arm-none-eabi/9.3.1/../../../../arm-none-eabi/lib/thumb/v7e-m+fp/hard\libc_nano.a(lib_a-closer.o)
                0x000000000800a3dc                _close_r
 .text._fstat_r
                0x000000000800a3fc       0x24 c:/st/stm32cubeide_1.7.0/stm32cubeide/plugins/com.st.stm32cube.ide.mcu.externaltools.gnu-tools-for-stm32.9-2020-q2-update.win32_2.0.0.202105311346/tools/bin/../lib/gcc/arm-none-eabi/9.3.1/../../../../arm-none-eabi/lib/thumb/v7e-m+fp/hard\libc_nano.a(lib_a-fstatr.o)
                0x000000000800a3fc                _fstat_r
 .text._isatty_r
                0x000000000800a420       0x20 c:/st/stm32cubeide_1.7.0/stm32cubeide/plugins/com.st.stm32cube.ide.mcu.externaltools.gnu-tools-for-stm32.9-2020-q2-update.win32_2.0.0.202105311346/tools/bin/../lib/gcc/arm-none-eabi/9.3.1/../../../../arm-none-eabi/lib/thumb/v7e-m+fp/hard\libc_nano.a(lib_a-isattyr.o)
                0x000000000800a420                _isatty_r
 .text._lseek_r
                0x000000000800a440       0x24 c:/st/stm32cubeide_1.7.0/stm32cubeide/plugins/com.st.stm32cube.ide.mcu.externaltools.gnu-tools-for-stm32.9-2020-q2-update.win32_2.0.0.202105311346/tools/bin/../lib/gcc/arm-none-eabi/9.3.1/../../../../arm-none-eabi/lib/thumb/v7e-m+fp/hard\libc_nano.a(lib_a-lseekr.o)
                0x000000000800a440                _lseek_r
 .text._malloc_usable_size_r
                0x000000000800a464       0x10 c:/st/stm32cubeide_1.7.0/stm32cubeide/plugins/com.st.stm32cube.ide.mcu.externaltools.gnu-tools-for-stm32.9-2020-q2-update.win32_2.0.0.202105311346/tools/bin/../lib/gcc/arm-none-eabi/9.3.1/../../../../arm-none-eabi/lib/thumb/v7e-m+fp/hard\libc_nano.a(lib_a-nano-msizer.o)
                0x000000000800a464                _malloc_usable_size_r
 .text._read_r  0x000000000800a474       0x24 c:/st/stm32cubeide_1.7.0/stm32cubeide/plugins/com.st.stm32cube.ide.mcu.externaltools.gnu-tools-for-stm32.9-2020-q2-update.win32_2.0.0.202105311346/tools/bin/../lib/gcc/arm-none-eabi/9.3.1/../../../../arm-none-eabi/lib/thumb/v7e-m+fp/hard\libc_nano.a(lib_a-readr.o)
                0x000000000800a474                _read_r
 .text.log10f   0x000000000800a498       0x6c c:/st/stm32cubeide_1.7.0/stm32cubeide/plugins/com.st.stm32cube.ide.mcu.externaltools.gnu-tools-for-stm32.9-2020-q2-update.win32_2.0.0.202105311346/tools/bin/../lib/gcc/arm-none-eabi/9.3.1/../../../../arm-none-eabi/lib/thumb/v7e-m+fp/hard\libm.a(lib_a-wf_log10.o)
                0x000000000800a498                log10f
 .text.sqrtf    0x000000000800a504       0x4c c:/st/stm32cubeide_1.7.0/stm32cubeide/plugins/com.st.stm32cube.ide.mcu.externaltools.gnu-tools-for-stm32.9-2020-q2-update.win32_2.0.0.202105311346/tools/bin/../lib/gcc/arm-none-eabi/9.3.1/../../../../arm-none-eabi/lib/thumb/v7e-m+fp/hard\libm.a(lib_a-wf_sqrt.o)
                0x000000000800a504                sqrtf
 .text.__ieee754_log10f
                0x000000000800a550       0xb0 c:/st/stm32cubeide_1.7.0/stm32cubeide/plugins/com.st.stm32cube.ide.mcu.externaltools.gnu-tools-for-stm32.9-2020-q2-update.win32_2.0.0.202105311346/tools/bin/../lib/gcc/arm-none-eabi/9.3.1/../../../../arm-none-eabi/lib/thumb/v7e-m+fp/hard\libm.a(lib_a-ef_log10.o)
                0x000000000800a550                __ieee754_log10f
 .text.__ieee754_sqrtf
                0x000000000800a600        0x6 c:/st/stm32cubeide_1.7.0/stm32cubeide/plugins/com.st.stm32cube.ide.mcu.externaltools.gnu-tools-for-stm32.9-2020-q2-update.win32_2.0.0.202105311346/tools/bin/../lib/gcc/arm-none-eabi/9.3.1/../../../../arm-none-eabi/lib/thumb/v7e-m+fp/hard\libm.a(lib_a-ef_sqrt.o)
                0x000000000800a600                __ieee754_sqrtf
 *fill*         0x000000000800a606        0x2 
 .text.nanf     0x000000000800a608        0xc c:/st/stm32cubeide_1.7.0/stm32cubeide/plugins/com.st.stm32cube.ide.mcu.externaltools.gnu-tools-for-stm32.9-2020-q2-update.win32_2.0.0.202105311346/tools/bin/../lib/gcc/arm-none-eabi/9.3.1/../../../../arm-none-eabi/lib/thumb/v7e-m+fp/hard\libm.a(lib_a-sf_nan.o)
                0x000000000800a608                nanf
 .text.__ieee754_logf
                0x000000000800a614      0x1e0 c:/st/stm32cubeide_1.7.0/stm32cubeide/plugins/com.st.stm32cube.ide.mcu.externaltools.gnu-tools-for-stm32.9-2020-q2-update.win32_2.0.0.202105311346/tools/bin/../lib/gcc/arm-none-eabi/9.3.1/../../../../arm-none-eabi/lib/thumb/v7e-m+fp/hard\libm.a(lib_a-ef_log.o)
                0x000000000800a614                __ieee754_logf
 *(.glue_7)
 .glue_7        0x000000000800a7f4        0x0 linker stubs
 *(.glue_7t)
 .glue_7t       0x000000000800a7f4        0x0 linker stubs
 *(.eh_frame)
 .eh_frame      0x000000000800a7f4        0x0 c:/st/stm32cubeide_1.7.0/stm32cubeide/plugins/com.st.stm32cube.ide.mcu.externaltools.gnu-tools-for-stm32.9-2020-q2-update.win32_2.0.0.202105311346/tools/bin/../lib/gcc/arm-none-eabi/9.3.1/thumb/v7e-m+fp/hard/crtbegin.o
 *(.init)
 .init          0x000000000800a7f4        0x4 c:/st/stm32cubeide_1.7.0/stm32cubeide/plugins/com.st.stm32cube.ide.mcu.externaltools.gnu-tools-for-stm32.9-2020-q2-update.win32_2.0.0.202105311346/tools/bin/../lib/gcc/arm-none-eabi/9.3.1/thumb/v7e-m+fp/hard/crti.o
                0x000000000800a7f4                _init
 .init          0x000000000800a7f8        0x8 c:/st/stm32cubeide_1.7.0/stm32cubeide/plugins/com.st.stm32cube.ide.mcu.externaltools.gnu-tools-for-stm32.9-2020-q2-update.win32_2.0.0.202105311346/tools/bin/../lib/gcc/arm-none-eabi/9.3.1/thumb/v7e-m+fp/hard/crtn.o
 *(.fini)
 .fini          0x000000000800a800        0x4 c:/st/stm32cubeide_1.7.0/stm32cubeide/plugins/com.st.stm32cube.ide.mcu.externaltools.gnu-tools-for-stm32.9-2020-q2-update.win32_2.0.0.202105311346/tools/bin/../lib/gcc/arm-none-eabi/9.3.1/thumb/v7e-m+fp/hard/crti.o
                0x000000000800a800                _fini
 .fini          0x000000000800a804        0x8 c:/st/stm32cubeide_1.7.0/stm32cubeide/plugins/com.st.stm32cube.ide.mcu.externaltools.gnu-tools-for-stm32.9-2020-q2-update.win32_2.0.0.202105311346/tools/bin/../lib/gcc/arm-none-eabi/9.3.1/thumb/v7e-m+fp/hard/crtn.o
                0x000000000800a80c                . = ALIGN (0x4)
                0x000000000800a80c                _etext = .

.vfp11_veneer   0x000000000800a80c        0x0
 .vfp11_veneer  0x000000000800a80c        0x0 linker stubs

.v4_bx          0x000000000800a80c        0x0
 .v4_bx         0x000000000800a80c        0x0 linker stubs

.iplt           0x000000000800a80c        0x0
 .iplt          0x000000000800a80c        0x0 c:/st/stm32cubeide_1.7.0/stm32cubeide/plugins/com.st.stm32cube.ide.mcu.externaltools.gnu-tools-for-stm32.9-2020-q2-update.win32_2.0.0.202105311346/tools/bin/../lib/gcc/arm-none-eabi/9.3.1/thumb/v7e-m+fp/hard/crtbegin.o

.rodata         0x000000000800a80c    0x14560
                0x000000000800a80c                . = ALIGN (0x4)
 *(.rodata)
 .rodata        0x000000000800a80c       0x33 ./Core/Src/main.o
 *(.rodata*)
 *fill*         0x000000000800a83f        0x1 
 .rodata.timesNewRoman_14ptBitmaps
                0x000000000800a840      0xa07 ./Core/Src/Lepsze.o
                0x000000000800a840                timesNewRoman_14ptBitmaps
 *fill*         0x000000000800b247        0x1 
 .rodata.timesNewRoman_14ptDescriptors
                0x000000000800b248      0x17c ./Core/Src/Lepsze.o
                0x000000000800b248                timesNewRoman_14ptDescriptors
 .rodata.timesNewRoman_14ptFontInfo
                0x000000000800b3c4        0xc ./Core/Src/Lepsze.o
                0x000000000800b3c4                timesNewRoman_14ptFontInfo
 .rodata.font_8x5
                0x000000000800b3d0      0x1dd ./Core/Src/main.o
                0x000000000800b3d0                font_8x5
 *fill*         0x000000000800b5ad        0x3 
 .rodata.AHBPrescTable
                0x000000000800b5b0       0x10 ./Core/Src/system_stm32f4xx.o
                0x000000000800b5b0                AHBPrescTable
 .rodata._sineTable
                0x000000000800b5c0      0x100 ./Core/Src/ws2812b.o
 .rodata._gammaTable
                0x000000000800b6c0      0x100 ./Core/Src/ws2812b.o
 .rodata.flagBitshiftOffset.8570
                0x000000000800b7c0        0x8 ./Drivers/STM32F4xx_HAL_Driver/Src/stm32f4xx_hal_dma.o
 .rodata.twiddleCoef_2048
                0x000000000800b7c8     0x4000 ../Core/Lib\libarm_cortexM4lf_math.a(arm_common_tables.o)
                0x000000000800b7c8                twiddleCoef_2048
 .rodata.twiddleCoef_rfft_64
                0x000000000800f7c8      0x100 ../Core/Lib\libarm_cortexM4lf_math.a(arm_common_tables.o)
                0x000000000800f7c8                twiddleCoef_rfft_64
 .rodata.armBitRevIndexTable64
                0x000000000800f8c8       0x70 ../Core/Lib\libarm_cortexM4lf_math.a(arm_common_tables.o)
                0x000000000800f8c8                armBitRevIndexTable64
 .rodata.twiddleCoef_rfft_2048
                0x000000000800f938     0x2000 ../Core/Lib\libarm_cortexM4lf_math.a(arm_common_tables.o)
                0x000000000800f938                twiddleCoef_rfft_2048
 .rodata.twiddleCoef_rfft_4096
                0x0000000008011938     0x4000 ../Core/Lib\libarm_cortexM4lf_math.a(arm_common_tables.o)
                0x0000000008011938                twiddleCoef_rfft_4096
 .rodata.twiddleCoef_256
                0x0000000008015938      0x800 ../Core/Lib\libarm_cortexM4lf_math.a(arm_common_tables.o)
                0x0000000008015938                twiddleCoef_256
 .rodata.twiddleCoef_16
                0x0000000008016138       0x80 ../Core/Lib\libarm_cortexM4lf_math.a(arm_common_tables.o)
                0x0000000008016138                twiddleCoef_16
 .rodata.twiddleCoef_1024
                0x00000000080161b8     0x2000 ../Core/Lib\libarm_cortexM4lf_math.a(arm_common_tables.o)
                0x00000000080161b8                twiddleCoef_1024
 .rodata.twiddleCoef_32
                0x00000000080181b8      0x100 ../Core/Lib\libarm_cortexM4lf_math.a(arm_common_tables.o)
                0x00000000080181b8                twiddleCoef_32
 .rodata.armBitRevIndexTable1024
                0x00000000080182b8      0xe10 ../Core/Lib\libarm_cortexM4lf_math.a(arm_common_tables.o)
                0x00000000080182b8                armBitRevIndexTable1024
 .rodata.armBitRevIndexTable16
                0x00000000080190c8       0x28 ../Core/Lib\libarm_cortexM4lf_math.a(arm_common_tables.o)
                0x00000000080190c8                armBitRevIndexTable16
 .rodata.twiddleCoef_rfft_32
                0x00000000080190f0       0x80 ../Core/Lib\libarm_cortexM4lf_math.a(arm_common_tables.o)
                0x00000000080190f0                twiddleCoef_rfft_32
 .rodata.armBitRevIndexTable32
                0x0000000008019170       0x60 ../Core/Lib\libarm_cortexM4lf_math.a(arm_common_tables.o)
                0x0000000008019170                armBitRevIndexTable32
 .rodata.twiddleCoef_128
                0x00000000080191d0      0x400 ../Core/Lib\libarm_cortexM4lf_math.a(arm_common_tables.o)
                0x00000000080191d0                twiddleCoef_128
 .rodata.twiddleCoef_512
                0x00000000080195d0     0x1000 ../Core/Lib\libarm_cortexM4lf_math.a(arm_common_tables.o)
                0x00000000080195d0                twiddleCoef_512
 .rodata.armBitRevIndexTable2048
                0x000000000801a5d0     0x1dc0 ../Core/Lib\libarm_cortexM4lf_math.a(arm_common_tables.o)
                0x000000000801a5d0                armBitRevIndexTable2048
 .rodata.twiddleCoef_64
                0x000000000801c390      0x200 ../Core/Lib\libarm_cortexM4lf_math.a(arm_common_tables.o)
                0x000000000801c390                twiddleCoef_64
 .rodata.twiddleCoef_rfft_512
                0x000000000801c590      0x800 ../Core/Lib\libarm_cortexM4lf_math.a(arm_common_tables.o)
                0x000000000801c590                twiddleCoef_rfft_512
 .rodata.armBitRevIndexTable512
                0x000000000801cd90      0x380 ../Core/Lib\libarm_cortexM4lf_math.a(arm_common_tables.o)
                0x000000000801cd90                armBitRevIndexTable512
 .rodata.twiddleCoef_rfft_1024
                0x000000000801d110     0x1000 ../Core/Lib\libarm_cortexM4lf_math.a(arm_common_tables.o)
                0x000000000801d110                twiddleCoef_rfft_1024
 .rodata.twiddleCoef_rfft_256
                0x000000000801e110      0x400 ../Core/Lib\libarm_cortexM4lf_math.a(arm_common_tables.o)
                0x000000000801e110                twiddleCoef_rfft_256
 .rodata.armBitRevIndexTable256
                0x000000000801e510      0x370 ../Core/Lib\libarm_cortexM4lf_math.a(arm_common_tables.o)
                0x000000000801e510                armBitRevIndexTable256
 .rodata.twiddleCoef_rfft_128
                0x000000000801e880      0x200 ../Core/Lib\libarm_cortexM4lf_math.a(arm_common_tables.o)
                0x000000000801e880                twiddleCoef_rfft_128
 .rodata.armBitRevIndexTable128
                0x000000000801ea80      0x1a0 ../Core/Lib\libarm_cortexM4lf_math.a(arm_common_tables.o)
                0x000000000801ea80                armBitRevIndexTable128
 .rodata._global_impure_ptr
                0x000000000801ec20        0x4 c:/st/stm32cubeide_1.7.0/stm32cubeide/plugins/com.st.stm32cube.ide.mcu.externaltools.gnu-tools-for-stm32.9-2020-q2-update.win32_2.0.0.202105311346/tools/bin/../lib/gcc/arm-none-eabi/9.3.1/../../../../arm-none-eabi/lib/thumb/v7e-m+fp/hard\libc_nano.a(lib_a-impure.o)
                0x000000000801ec20                _global_impure_ptr
 .rodata.srand.str1.1
                0x000000000801ec24       0x76 c:/st/stm32cubeide_1.7.0/stm32cubeide/plugins/com.st.stm32cube.ide.mcu.externaltools.gnu-tools-for-stm32.9-2020-q2-update.win32_2.0.0.202105311346/tools/bin/../lib/gcc/arm-none-eabi/9.3.1/../../../../arm-none-eabi/lib/thumb/v7e-m+fp/hard\libc_nano.a(lib_a-rand.o)
 .rodata.__assert_func.str1.1
                0x000000000801ec9a       0x3c c:/st/stm32cubeide_1.7.0/stm32cubeide/plugins/com.st.stm32cube.ide.mcu.externaltools.gnu-tools-for-stm32.9-2020-q2-update.win32_2.0.0.202105311346/tools/bin/../lib/gcc/arm-none-eabi/9.3.1/../../../../arm-none-eabi/lib/thumb/v7e-m+fp/hard\libc_nano.a(lib_a-assert.o)
                                         0x3d (size before relaxing)
 .rodata._svfprintf_r.str1.1
                0x000000000801ecd6       0x11 c:/st/stm32cubeide_1.7.0/stm32cubeide/plugins/com.st.stm32cube.ide.mcu.externaltools.gnu-tools-for-stm32.9-2020-q2-update.win32_2.0.0.202105311346/tools/bin/../lib/gcc/arm-none-eabi/9.3.1/../../../../arm-none-eabi/lib/thumb/v7e-m+fp/hard\libc_nano.a(lib_a-nano-svfprintf.o)
 .rodata._vfprintf_r.str1.1
                0x000000000801ece7       0x11 c:/st/stm32cubeide_1.7.0/stm32cubeide/plugins/com.st.stm32cube.ide.mcu.externaltools.gnu-tools-for-stm32.9-2020-q2-update.win32_2.0.0.202105311346/tools/bin/../lib/gcc/arm-none-eabi/9.3.1/../../../../arm-none-eabi/lib/thumb/v7e-m+fp/hard\libc_nano.a(lib_a-nano-vfprintf.o)
 .rodata._printf_i.str1.1
                0x000000000801ece7       0x22 c:/st/stm32cubeide_1.7.0/stm32cubeide/plugins/com.st.stm32cube.ide.mcu.externaltools.gnu-tools-for-stm32.9-2020-q2-update.win32_2.0.0.202105311346/tools/bin/../lib/gcc/arm-none-eabi/9.3.1/../../../../arm-none-eabi/lib/thumb/v7e-m+fp/hard\libc_nano.a(lib_a-nano-vfprintf_i.o)
 *fill*         0x000000000801ed09        0x3 
 .rodata.__sf_fake_stderr
                0x000000000801ed0c       0x20 c:/st/stm32cubeide_1.7.0/stm32cubeide/plugins/com.st.stm32cube.ide.mcu.externaltools.gnu-tools-for-stm32.9-2020-q2-update.win32_2.0.0.202105311346/tools/bin/../lib/gcc/arm-none-eabi/9.3.1/../../../../arm-none-eabi/lib/thumb/v7e-m+fp/hard\libc_nano.a(lib_a-findfp.o)
                0x000000000801ed0c                __sf_fake_stderr
 .rodata.__sf_fake_stdin
                0x000000000801ed2c       0x20 c:/st/stm32cubeide_1.7.0/stm32cubeide/plugins/com.st.stm32cube.ide.mcu.externaltools.gnu-tools-for-stm32.9-2020-q2-update.win32_2.0.0.202105311346/tools/bin/../lib/gcc/arm-none-eabi/9.3.1/../../../../arm-none-eabi/lib/thumb/v7e-m+fp/hard\libc_nano.a(lib_a-findfp.o)
                0x000000000801ed2c                __sf_fake_stdin
 .rodata.__sf_fake_stdout
                0x000000000801ed4c       0x20 c:/st/stm32cubeide_1.7.0/stm32cubeide/plugins/com.st.stm32cube.ide.mcu.externaltools.gnu-tools-for-stm32.9-2020-q2-update.win32_2.0.0.202105311346/tools/bin/../lib/gcc/arm-none-eabi/9.3.1/../../../../arm-none-eabi/lib/thumb/v7e-m+fp/hard\libc_nano.a(lib_a-findfp.o)
                0x000000000801ed4c                __sf_fake_stdout
 .rodata.log10f.str1.1
                0x000000000801ed6c        0x1 c:/st/stm32cubeide_1.7.0/stm32cubeide/plugins/com.st.stm32cube.ide.mcu.externaltools.gnu-tools-for-stm32.9-2020-q2-update.win32_2.0.0.202105311346/tools/bin/../lib/gcc/arm-none-eabi/9.3.1/../../../../arm-none-eabi/lib/thumb/v7e-m+fp/hard\libm.a(lib_a-wf_log10.o)
                0x000000000801ed70                . = ALIGN (0x4)

.ARM.extab      0x000000000801ed6c        0x0
                0x000000000801ed6c                . = ALIGN (0x4)
 *(.ARM.extab* .gnu.linkonce.armextab.*)
                0x000000000801ed6c                . = ALIGN (0x4)

.ARM            0x000000000801ed6c        0x8
                0x000000000801ed6c                . = ALIGN (0x4)
                0x000000000801ed6c                __exidx_start = .
 *(.ARM.exidx*)
 .ARM.exidx     0x000000000801ed6c        0x8 c:/st/stm32cubeide_1.7.0/stm32cubeide/plugins/com.st.stm32cube.ide.mcu.externaltools.gnu-tools-for-stm32.9-2020-q2-update.win32_2.0.0.202105311346/tools/bin/../lib/gcc/arm-none-eabi/9.3.1/thumb/v7e-m+fp/hard\libgcc.a(_udivmoddi4.o)
                0x000000000801ed74                __exidx_end = .
                0x000000000801ed74                . = ALIGN (0x4)

.rel.dyn        0x000000000801ed74        0x0
 .rel.iplt      0x000000000801ed74        0x0 c:/st/stm32cubeide_1.7.0/stm32cubeide/plugins/com.st.stm32cube.ide.mcu.externaltools.gnu-tools-for-stm32.9-2020-q2-update.win32_2.0.0.202105311346/tools/bin/../lib/gcc/arm-none-eabi/9.3.1/thumb/v7e-m+fp/hard/crtbegin.o

.preinit_array  0x000000000801ed74        0x0
                0x000000000801ed74                . = ALIGN (0x4)
                0x000000000801ed74                PROVIDE (__preinit_array_start = .)
 *(.preinit_array*)
                0x000000000801ed74                PROVIDE (__preinit_array_end = .)
                0x000000000801ed74                . = ALIGN (0x4)

.init_array     0x000000000801ed74        0x4
                0x000000000801ed74                . = ALIGN (0x4)
                0x000000000801ed74                PROVIDE (__init_array_start = .)
 *(SORT_BY_NAME(.init_array.*))
 *(.init_array*)
 .init_array    0x000000000801ed74        0x4 c:/st/stm32cubeide_1.7.0/stm32cubeide/plugins/com.st.stm32cube.ide.mcu.externaltools.gnu-tools-for-stm32.9-2020-q2-update.win32_2.0.0.202105311346/tools/bin/../lib/gcc/arm-none-eabi/9.3.1/thumb/v7e-m+fp/hard/crtbegin.o
                0x000000000801ed78                PROVIDE (__init_array_end = .)
                0x000000000801ed78                . = ALIGN (0x4)

.fini_array     0x000000000801ed78        0x4
                0x000000000801ed78                . = ALIGN (0x4)
                [!provide]                        PROVIDE (__fini_array_start = .)
 *(SORT_BY_NAME(.fini_array.*))
 *(.fini_array*)
 .fini_array    0x000000000801ed78        0x4 c:/st/stm32cubeide_1.7.0/stm32cubeide/plugins/com.st.stm32cube.ide.mcu.externaltools.gnu-tools-for-stm32.9-2020-q2-update.win32_2.0.0.202105311346/tools/bin/../lib/gcc/arm-none-eabi/9.3.1/thumb/v7e-m+fp/hard/crtbegin.o
                [!provide]                        PROVIDE (__fini_array_end = .)
                0x000000000801ed7c                . = ALIGN (0x4)
                0x000000000801ed7c                _sidata = LOADADDR (.data)

.data           0x0000000020000000       0x9c load address 0x000000000801ed7c
                0x0000000020000000                . = ALIGN (0x4)
                0x0000000020000000                _sdata = .
 *(.data)
 *(.data*)
 .data.size     0x0000000020000000        0x1 ./Core/Src/GFX_Color.o
                0x0000000020000000                size
 *fill*         0x0000000020000001        0x3 
 .data.keypad   0x0000000020000004       0x10 ./Core/Src/main.o
                0x0000000020000004                keypad
 .data.lock_state
                0x0000000020000014        0x1 ./Core/Src/main.o
                0x0000000020000014                lock_state
 *fill*         0x0000000020000015        0x3 
 .data.password
                0x0000000020000018        0x5 ./Core/Src/main.o
                0x0000000020000018                password
 *fill*         0x000000002000001d        0x3 
 .data.RFID_password
                0x0000000020000020        0x5 ./Core/Src/main.o
                0x0000000020000020                RFID_password
 .data.Number_of_attemps
                0x0000000020000025        0x1 ./Core/Src/main.o
                0x0000000020000025                Number_of_attemps
 .data.delay    0x0000000020000026        0x2 ./Core/Src/main.o
                0x0000000020000026                delay
 .data.SystemCoreClock
                0x0000000020000028        0x4 ./Core/Src/system_stm32f4xx.o
                0x0000000020000028                SystemCoreClock
 .data.uwTickPrio
                0x000000002000002c        0x4 ./Drivers/STM32F4xx_HAL_Driver/Src/stm32f4xx_hal.o
                0x000000002000002c                uwTickPrio
 .data.uwTickFreq
                0x0000000020000030        0x1 ./Drivers/STM32F4xx_HAL_Driver/Src/stm32f4xx_hal.o
                0x0000000020000030                uwTickFreq
 *fill*         0x0000000020000031        0x3 
 .data._impure_ptr
                0x0000000020000034        0x4 c:/st/stm32cubeide_1.7.0/stm32cubeide/plugins/com.st.stm32cube.ide.mcu.externaltools.gnu-tools-for-stm32.9-2020-q2-update.win32_2.0.0.202105311346/tools/bin/../lib/gcc/arm-none-eabi/9.3.1/../../../../arm-none-eabi/lib/thumb/v7e-m+fp/hard\libc_nano.a(lib_a-impure.o)
                0x0000000020000034                _impure_ptr
 .data.impure_data
                0x0000000020000038       0x60 c:/st/stm32cubeide_1.7.0/stm32cubeide/plugins/com.st.stm32cube.ide.mcu.externaltools.gnu-tools-for-stm32.9-2020-q2-update.win32_2.0.0.202105311346/tools/bin/../lib/gcc/arm-none-eabi/9.3.1/../../../../arm-none-eabi/lib/thumb/v7e-m+fp/hard\libc_nano.a(lib_a-impure.o)
 .data.__fdlib_version
                0x0000000020000098        0x1 c:/st/stm32cubeide_1.7.0/stm32cubeide/plugins/com.st.stm32cube.ide.mcu.externaltools.gnu-tools-for-stm32.9-2020-q2-update.win32_2.0.0.202105311346/tools/bin/../lib/gcc/arm-none-eabi/9.3.1/../../../../arm-none-eabi/lib/thumb/v7e-m+fp/hard\libm.a(lib_a-s_lib_ver.o)
                0x0000000020000098                __fdlib_version
 *(.RamFunc)
 *(.RamFunc*)
                0x000000002000009c                . = ALIGN (0x4)
 *fill*         0x0000000020000099        0x3 
                0x000000002000009c                _edata = .

.igot.plt       0x000000002000009c        0x0 load address 0x000000000801ee18
 .igot.plt      0x000000002000009c        0x0 c:/st/stm32cubeide_1.7.0/stm32cubeide/plugins/com.st.stm32cube.ide.mcu.externaltools.gnu-tools-for-stm32.9-2020-q2-update.win32_2.0.0.202105311346/tools/bin/../lib/gcc/arm-none-eabi/9.3.1/thumb/v7e-m+fp/hard/crtbegin.o
                0x000000002000009c                . = ALIGN (0x4)

.bss            0x000000002000009c     0x9118 load address 0x000000000801ee18
                0x000000002000009c                _sbss = .
                0x000000002000009c                __bss_start__ = _sbss
 *(.bss)
 .bss           0x000000002000009c       0x1c c:/st/stm32cubeide_1.7.0/stm32cubeide/plugins/com.st.stm32cube.ide.mcu.externaltools.gnu-tools-for-stm32.9-2020-q2-update.win32_2.0.0.202105311346/tools/bin/../lib/gcc/arm-none-eabi/9.3.1/thumb/v7e-m+fp/hard/crtbegin.o
 *(.bss*)
 .bss.keypad_password_cnt
                0x00000000200000b8        0x4 ./Core/Src/main.o
                0x00000000200000b8                keypad_password_cnt
 .bss.fft_cnt   0x00000000200000bc        0x4 ./Core/Src/main.o
                0x00000000200000bc                fft_cnt
 .bss.fft_is_ready
                0x00000000200000c0        0x1 ./Core/Src/main.o
                0x00000000200000c0                fft_is_ready
 *fill*         0x00000000200000c1        0x3 
 .bss.__sbrk_heap_end
                0x00000000200000c4        0x4 ./Core/Src/sysmem.o
 .bss.buffer    0x00000000200000c8       0x30 ./Core/Src/ws2812b.o
 .bss.CurrentLed
                0x00000000200000f8        0x2 ./Core/Src/ws2812b.o
 .bss.ResetSignal
                0x00000000200000fa        0x1 ./Core/Src/ws2812b.o
 *fill*         0x00000000200000fb        0x1 
 .bss.__malloc_free_list
                0x00000000200000fc        0x4 c:/st/stm32cubeide_1.7.0/stm32cubeide/plugins/com.st.stm32cube.ide.mcu.externaltools.gnu-tools-for-stm32.9-2020-q2-update.win32_2.0.0.202105311346/tools/bin/../lib/gcc/arm-none-eabi/9.3.1/../../../../arm-none-eabi/lib/thumb/v7e-m+fp/hard\libc_nano.a(lib_a-nano-mallocr.o)
                0x00000000200000fc                __malloc_free_list
 .bss.__malloc_sbrk_start
                0x0000000020000100        0x4 c:/st/stm32cubeide_1.7.0/stm32cubeide/plugins/com.st.stm32cube.ide.mcu.externaltools.gnu-tools-for-stm32.9-2020-q2-update.win32_2.0.0.202105311346/tools/bin/../lib/gcc/arm-none-eabi/9.3.1/../../../../arm-none-eabi/lib/thumb/v7e-m+fp/hard\libc_nano.a(lib_a-nano-mallocr.o)
                0x0000000020000100                __malloc_sbrk_start
 *(COMMON)
 COMMON         0x0000000020000104        0x4 ./Core/Src/GFX_Color.o
                0x0000000020000104                font
 COMMON         0x0000000020000108        0x4 ./Core/Src/GFX_Lepsze.o
                0x0000000020000108                CurrentFont
 COMMON         0x000000002000010c       0xa8 ./Core/Src/adc.o
                0x000000002000010c                hadc1
                0x0000000020000154                hdma_adc1
 COMMON         0x00000000200001b4     0x2d08 ./Core/Src/main.o
                0x00000000200001b4                keypad_password
                0x00000000200001bc                fft_samples
                0x00000000200009bc                fft_in_buffer
                0x00000000200019bc                FFT
                0x00000000200019d4                fft_out_buffer
                0x00000000200029d4                oled_fft
                0x0000000020002a3c                led_data
                0x0000000020002e3c                adc
                0x0000000020002e40                UID
                0x0000000020002e48                key
                0x0000000020002ea4                a
                0x0000000020002ea8                oled_data
 COMMON         0x0000000020002ebc      0x168 ./Core/Src/spi.o
                0x0000000020002ebc                hspi2
                0x0000000020002f14                hspi5
                0x0000000020002f6c                hspi1
                0x0000000020002fc4                hdma_spi2_tx
 COMMON         0x0000000020003024     0x6004 ./Core/Src/ssd1331.o
                0x0000000020003024                template_buffer
                0x0000000020006024                oled_spi
                0x0000000020006028                buffer
 COMMON         0x0000000020009028      0x150 ./Core/Src/tim.o
                0x0000000020009028                hdma_tim2_ch1
                0x0000000020009088                hdma_tim2_ch2_ch4
                0x00000000200090e8                htim3
                0x0000000020009130                htim2
 COMMON         0x0000000020009178       0x28 ./Core/Src/ws2812b.o
                0x0000000020009178                hspi_ws2812b
                0x000000002000917c                ws2812b_array
 COMMON         0x00000000200091a0        0x4 ./Drivers/STM32F4xx_HAL_Driver/Src/stm32f4xx_hal.o
                0x00000000200091a0                uwTick
 COMMON         0x00000000200091a4        0x9 c:/st/stm32cubeide_1.7.0/stm32cubeide/plugins/com.st.stm32cube.ide.mcu.externaltools.gnu-tools-for-stm32.9-2020-q2-update.win32_2.0.0.202105311346/tools/bin/../lib/gcc/arm-none-eabi/9.3.1/../../../../arm-none-eabi/lib/thumb/v7e-m+fp/hard\libc_nano.a(lib_a-lock.o)
                0x00000000200091a4                __lock___atexit_recursive_mutex
                0x00000000200091a5                __lock___arc4random_mutex
                0x00000000200091a6                __lock___env_recursive_mutex
                0x00000000200091a7                __lock___sinit_recursive_mutex
                0x00000000200091a8                __lock___malloc_recursive_mutex
                0x00000000200091a9                __lock___at_quick_exit_mutex
                0x00000000200091aa                __lock___dd_hash_mutex
                0x00000000200091ab                __lock___tz_mutex
                0x00000000200091ac                __lock___sfp_recursive_mutex
 *fill*         0x00000000200091ad        0x3 
 COMMON         0x00000000200091b0        0x4 c:/st/stm32cubeide_1.7.0/stm32cubeide/plugins/com.st.stm32cube.ide.mcu.externaltools.gnu-tools-for-stm32.9-2020-q2-update.win32_2.0.0.202105311346/tools/bin/../lib/gcc/arm-none-eabi/9.3.1/../../../../arm-none-eabi/lib/thumb/v7e-m+fp/hard\libc_nano.a(lib_a-reent.o)
                0x00000000200091b0                errno
                0x00000000200091b4                . = ALIGN (0x4)