MFRC522.c:15:6:Write_MFRC522	24	static
MFRC522.c:48:8:Read_MFRC522	24	static
MFRC522.c:86:6:SetBitMask	24	static
MFRC522.c:99:6:ClearBitMask	24	static
MFRC522.c:113:6:AntennaOn	8	static
MFRC522.c:125:6:AntennaOff	8	static
MFRC522.c:137:6:MFRC522_Reset	8	static
MFRC522.c:148:6:MFRC522_Init	8	static
MFRC522.c:180:8:MFRC522_Request	32	static
MFRC522.c:208:8:MFRC522_ToCard	48	static
MFRC522.c:327:8:MFRC522_Anticoll	32	static
MFRC522.c:370:8:MFRC522_Read	32	static
MFRC522.c:395:8:MFRC522_Write	56	static
MFRC522.c:436:6:CalulateCRC	40	static
MFRC522.c:477:8:MFRC522_Auth	56	static
MFRC522.c:512:8:MFRC522_SelectTag	48	static
MFRC522.c:550:6:MFRC522_Halt	32	static
MFRC522.c:565:6:MFRC522_StopCrypto1	8	static
